[2026-07-19T01:28:01.242334+02:00] php.INFO: User Deprecated: Since PrestaShop\PrestaShop 9: The "prestashop.adapter.cache.clearer.symfony_cache_clearer" service alias is deprecated. You should stop using it, as it will be removed in the future. {"exception":"[object] (ErrorException(code: 0): User Deprecated: Since PrestaShop\\PrestaShop 9: The \"prestashop.adapter.cache.clearer.symfony_cache_clearer\" service alias is deprecated. You should stop using it, as it will be removed in the future. at C:\\xampp-8-2\\htdocs\\more-home\\var\\cache\\prod\\admin\\ContainerHnLBwfA\\AdminKernelProdContainer.php:5897)"} []
[2026-07-19T01:28:02.921699+02:00] php.INFO: User Deprecated: Not configuring a schema manager factory is deprecated. Use Doctrine\DBAL\Schema\DefaultSchemaManagerFactory which is going to be the default in DBAL 4. (Connection.php:222 called by DriverManager.php:197, https://github.com/doctrine/dbal/issues/5812, package doctrine/dbal) {"exception":"[object] (ErrorException(code: 0): User Deprecated: Not configuring a schema manager factory is deprecated. Use Doctrine\\DBAL\\Schema\\DefaultSchemaManagerFactory which is going to be the default in DBAL 4. (Connection.php:222 called by DriverManager.php:197, https://github.com/doctrine/dbal/issues/5812, package doctrine/dbal) at C:\\xampp-8-2\\htdocs\\more-home\\vendor\\doctrine\\deprecations\\src\\Deprecation.php:208)"} []
[2026-07-19T01:28:02.925709+02:00] php.INFO: User Deprecated: Since symfony/doctrine-bridge 6.3: The "Symfony\Bridge\Doctrine\SchemaListener\MessengerTransportDoctrineSchemaSubscriber" class is deprecated. Use "Symfony\Bridge\Doctrine\SchemaListener\MessengerTransportDoctrineSchemaListener" instead. {"exception":"[object] (ErrorException(code: 0): User Deprecated: Since symfony/doctrine-bridge 6.3: The \"Symfony\\Bridge\\Doctrine\\SchemaListener\\MessengerTransportDoctrineSchemaSubscriber\" class is deprecated. Use \"Symfony\\Bridge\\Doctrine\\SchemaListener\\MessengerTransportDoctrineSchemaListener\" instead. at C:\\xampp-8-2\\htdocs\\more-home\\vendor\\symfony\\doctrine-bridge\\SchemaListener\\MessengerTransportDoctrineSchemaSubscriber.php:18)"} []
[2026-07-19T01:28:02.926829+02:00] php.INFO: User Deprecated: Since symfony/doctrine-bridge 6.3: Registering "Symfony\Bridge\Doctrine\SchemaListener\MessengerTransportDoctrineSchemaSubscriber" as a Doctrine subscriber is deprecated. Register it as a listener instead, using e.g. the #[AsDoctrineListener] or #[AsDocumentListener] attribute. {"exception":"[object] (ErrorException(code: 0): User Deprecated: Since symfony/doctrine-bridge 6.3: Registering \"Symfony\\Bridge\\Doctrine\\SchemaListener\\MessengerTransportDoctrineSchemaSubscriber\" as a Doctrine subscriber is deprecated. Register it as a listener instead, using e.g. the #[AsDoctrineListener] or #[AsDocumentListener] attribute. at C:\\xampp-8-2\\htdocs\\more-home\\vendor\\symfony\\doctrine-bridge\\ContainerAwareEventManager.php:211)"} []
[2026-07-19T01:28:02.928077+02:00] php.INFO: User Deprecated: Since symfony/doctrine-bridge 6.3: The "Symfony\Bridge\Doctrine\SchemaListener\DoctrineDbalCacheAdapterSchemaSubscriber" class is deprecated. Use "Symfony\Bridge\Doctrine\SchemaListener\DoctrineDbalCacheAdapterSchemaListener" instead. {"exception":"[object] (ErrorException(code: 0): User Deprecated: Since symfony/doctrine-bridge 6.3: The \"Symfony\\Bridge\\Doctrine\\SchemaListener\\DoctrineDbalCacheAdapterSchemaSubscriber\" class is deprecated. Use \"Symfony\\Bridge\\Doctrine\\SchemaListener\\DoctrineDbalCacheAdapterSchemaListener\" instead. at C:\\xampp-8-2\\htdocs\\more-home\\vendor\\symfony\\doctrine-bridge\\SchemaListener\\DoctrineDbalCacheAdapterSchemaSubscriber.php:17)"} []
[2026-07-19T01:28:02.929171+02:00] php.INFO: User Deprecated: Since symfony/doctrine-bridge 6.3: Registering "Symfony\Bridge\Doctrine\SchemaListener\DoctrineDbalCacheAdapterSchemaSubscriber" as a Doctrine subscriber is deprecated. Register it as a listener instead, using e.g. the #[AsDoctrineListener] or #[AsDocumentListener] attribute. {"exception":"[object] (ErrorException(code: 0): User Deprecated: Since symfony/doctrine-bridge 6.3: Registering \"Symfony\\Bridge\\Doctrine\\SchemaListener\\DoctrineDbalCacheAdapterSchemaSubscriber\" as a Doctrine subscriber is deprecated. Register it as a listener instead, using e.g. the #[AsDoctrineListener] or #[AsDocumentListener] attribute. at C:\\xampp-8-2\\htdocs\\more-home\\vendor\\symfony\\doctrine-bridge\\ContainerAwareEventManager.php:211)"} []
[2026-07-19T01:28:02.930666+02:00] php.INFO: User Deprecated: Since symfony/doctrine-bridge 6.3: The "Symfony\Bridge\Doctrine\SchemaListener\RememberMeTokenProviderDoctrineSchemaSubscriber" class is deprecated. Use "Symfony\Bridge\Doctrine\SchemaListener\RememberMeTokenProviderDoctrineSchemaListener" instead. {"exception":"[object] (ErrorException(code: 0): User Deprecated: Since symfony/doctrine-bridge 6.3: The \"Symfony\\Bridge\\Doctrine\\SchemaListener\\RememberMeTokenProviderDoctrineSchemaSubscriber\" class is deprecated. Use \"Symfony\\Bridge\\Doctrine\\SchemaListener\\RememberMeTokenProviderDoctrineSchemaListener\" instead. at C:\\xampp-8-2\\htdocs\\more-home\\vendor\\symfony\\doctrine-bridge\\SchemaListener\\RememberMeTokenProviderDoctrineSchemaSubscriber.php:18)"} []
[2026-07-19T01:28:02.931115+02:00] php.INFO: User Deprecated: Since symfony/doctrine-bridge 6.3: Registering "Symfony\Bridge\Doctrine\SchemaListener\RememberMeTokenProviderDoctrineSchemaSubscriber" as a Doctrine subscriber is deprecated. Register it as a listener instead, using e.g. the #[AsDoctrineListener] or #[AsDocumentListener] attribute. {"exception":"[object] (ErrorException(code: 0): User Deprecated: Since symfony/doctrine-bridge 6.3: Registering \"Symfony\\Bridge\\Doctrine\\SchemaListener\\RememberMeTokenProviderDoctrineSchemaSubscriber\" as a Doctrine subscriber is deprecated. Register it as a listener instead, using e.g. the #[AsDoctrineListener] or #[AsDocumentListener] attribute. at C:\\xampp-8-2\\htdocs\\more-home\\vendor\\symfony\\doctrine-bridge\\ContainerAwareEventManager.php:211)"} []
[2026-07-19T01:28:02.955793+02:00] php.INFO: User Deprecated: Since symfony/framework-bundle 6.4: The "annotations.cached_reader" service is deprecated without replacement. {"exception":"[object] (ErrorException(code: 0): User Deprecated: Since symfony/framework-bundle 6.4: The \"annotations.cached_reader\" service is deprecated without replacement. at C:\\xampp-8-2\\htdocs\\more-home\\var\\cache\\prod\\admin\\ContainerHnLBwfA\\getAnnotations_CachedReaderService.php:23)"} []
[2026-07-19T01:28:02.957403+02:00] php.INFO: User Deprecated: Since symfony/framework-bundle 6.4: The "annotations.reader" service is deprecated without replacement. {"exception":"[object] (ErrorException(code: 0): User Deprecated: Since symfony/framework-bundle 6.4: The \"annotations.reader\" service is deprecated without replacement. at C:\\xampp-8-2\\htdocs\\more-home\\var\\cache\\prod\\admin\\ContainerHnLBwfA\\getAnnotations_ReaderService.php:23)"} []
[2026-07-19T01:28:02.963541+02:00] php.INFO: User Deprecated: Since symfony/framework-bundle 6.4: The "annotations.cache_adapter" service is deprecated without replacement. {"exception":"[object] (ErrorException(code: 0): User Deprecated: Since symfony/framework-bundle 6.4: The \"annotations.cache_adapter\" service is deprecated without replacement. at C:\\xampp-8-2\\htdocs\\more-home\\var\\cache\\prod\\admin\\ContainerHnLBwfA\\getAnnotations_CacheAdapterService.php:23)"} []
[2026-07-19T01:28:02.964513+02:00] php.INFO: User Deprecated: The annotation mapping driver is deprecated and will be removed in Doctrine ORM 3.0, please migrate to the attribute or XML driver. (AnnotationDriver.php:65 called by AdminKernelProdContainer.php:4710, https://github.com/doctrine/orm/issues/10098, package doctrine/orm) {"exception":"[object] (ErrorException(code: 0): User Deprecated: The annotation mapping driver is deprecated and will be removed in Doctrine ORM 3.0, please migrate to the attribute or XML driver. (AnnotationDriver.php:65 called by AdminKernelProdContainer.php:4710, https://github.com/doctrine/orm/issues/10098, package doctrine/orm) at C:\\xampp-8-2\\htdocs\\more-home\\vendor\\doctrine\\deprecations\\src\\Deprecation.php:208)"} []
[2026-07-19T01:28:02.964573+02:00] php.INFO: User Deprecated: In ORM 3.0, the AttributeDriver will report fields for the classes where they are declared. This may uncover invalid mapping configurations. To opt into the new mode also with the AnnotationDriver today, set the "reportFieldsWhereDeclared" constructor parameter to true. (AnnotationDriver.php:75 called by AdminKernelProdContainer.php:4710, https://github.com/doctrine/orm/pull/10455, package doctrine/orm) {"exception":"[object] (ErrorException(code: 0): User Deprecated: In ORM 3.0, the AttributeDriver will report fields for the classes where they are declared. This may uncover invalid mapping configurations. To opt into the new mode also with the AnnotationDriver today, set the \"reportFieldsWhereDeclared\" constructor parameter to true. (AnnotationDriver.php:75 called by AdminKernelProdContainer.php:4710, https://github.com/doctrine/orm/pull/10455, package doctrine/orm) at C:\\xampp-8-2\\htdocs\\more-home\\vendor\\doctrine\\deprecations\\src\\Deprecation.php:208)"} []
[2026-07-19T01:28:02.971916+02:00] php.INFO: User Deprecated: Doctrine\ORM\EntityManager::create() is deprecated. To bootstrap a DBAL connection, call Doctrine\DBAL\DriverManager::getConnection() instead. Use the constructor to create an instance of Doctrine\ORM\EntityManager. (EntityManager.php:995 called by AdminKernelProdContainer.php:2931, https://github.com/doctrine/orm/pull/9961, package doctrine/orm) {"exception":"[object] (ErrorException(code: 0): User Deprecated: Doctrine\\ORM\\EntityManager::create() is deprecated. To bootstrap a DBAL connection, call Doctrine\\DBAL\\DriverManager::getConnection() instead. Use the constructor to create an instance of Doctrine\\ORM\\EntityManager. (EntityManager.php:995 called by AdminKernelProdContainer.php:2931, https://github.com/doctrine/orm/pull/9961, package doctrine/orm) at C:\\xampp-8-2\\htdocs\\more-home\\vendor\\doctrine\\deprecations\\src\\Deprecation.php:208)"} []
[2026-07-19T01:28:02.971986+02:00] php.INFO: User Deprecated: Doctrine\DBAL\Connection::getEventManager is deprecated. (Connection.php:298 called by EntityManager.php:166, https://github.com/doctrine/dbal/issues/5784, package doctrine/dbal) {"exception":"[object] (ErrorException(code: 0): User Deprecated: Doctrine\\DBAL\\Connection::getEventManager is deprecated. (Connection.php:298 called by EntityManager.php:166, https://github.com/doctrine/dbal/issues/5784, package doctrine/dbal) at C:\\xampp-8-2\\htdocs\\more-home\\vendor\\doctrine\\deprecations\\src\\Deprecation.php:208)"} []
[2026-07-19T01:28:02.985254+02:00] php.INFO: User Deprecated: Not enabling lazy ghost objects is deprecated and will not be supported in Doctrine ORM 3.0. Ensure Doctrine\ORM\Configuration::setLazyGhostObjectEnabled(true) is called to enable them. (ProxyFactory.php:166 called by EntityManager.php:177, https://github.com/doctrine/orm/pull/10837/, package doctrine/orm) {"exception":"[object] (ErrorException(code: 0): User Deprecated: Not enabling lazy ghost objects is deprecated and will not be supported in Doctrine ORM 3.0. Ensure Doctrine\\ORM\\Configuration::setLazyGhostObjectEnabled(true) is called to enable them. (ProxyFactory.php:166 called by EntityManager.php:177, https://github.com/doctrine/orm/pull/10837/, package doctrine/orm) at C:\\xampp-8-2\\htdocs\\more-home\\vendor\\doctrine\\deprecations\\src\\Deprecation.php:208)"} []
[2026-07-18T20:28:04.062004-03:00] app.INFO: Exporting mail with theme modern for language Español (Spanish), Core output folder: C:\xampp-8-2\htdocs\more-home/mails, Modules output folder: C:\xampp-8-2\htdocs\more-home/modules/ [] []
[2026-07-19T01:28:05.787699+02:00] php.INFO: User Deprecated: Since twig/twig 3.15: Using the "deprecated", "deprecating_package", and "alternative" options is deprecated, pass a "deprecation_info" one instead. {"exception":"[object] (ErrorException(code: 0): User Deprecated: Since twig/twig 3.15: Using the \"deprecated\", \"deprecating_package\", and \"alternative\" options is deprecated, pass a \"deprecation_info\" one instead. at C:\\xampp-8-2\\htdocs\\more-home\\vendor\\twig\\twig\\src\\AbstractTwigCallable.php:52)"} []
[2026-07-19T01:28:05.787850+02:00] php.INFO: User Deprecated: Since twig/twig 3.15: Using the "deprecated", "deprecating_package", and "alternative" options is deprecated, pass a "deprecation_info" one instead. {"exception":"[object] (ErrorException(code: 0): User Deprecated: Since twig/twig 3.15: Using the \"deprecated\", \"deprecating_package\", and \"alternative\" options is deprecated, pass a \"deprecation_info\" one instead. at C:\\xampp-8-2\\htdocs\\more-home\\vendor\\twig\\twig\\src\\AbstractTwigCallable.php:52)"} []
[2026-07-18T20:28:11.786202-03:00] app.DEBUG: Generate html template account at C:\xampp-8-2\htdocs\more-home/mails\es\account.html [] []
[2026-07-18T20:28:11.848516-03:00] app.DEBUG: Generate txt template account at C:\xampp-8-2\htdocs\more-home/mails\es\account.txt [] []
[2026-07-18T20:28:11.983391-03:00] app.DEBUG: Generate html template backoffice_order at C:\xampp-8-2\htdocs\more-home/mails\es\backoffice_order.html [] []
[2026-07-18T20:28:11.998544-03:00] app.DEBUG: Generate txt template backoffice_order at C:\xampp-8-2\htdocs\more-home/mails\es\backoffice_order.txt [] []
[2026-07-18T20:28:12.141461-03:00] app.DEBUG: Generate html template bankwire at C:\xampp-8-2\htdocs\more-home/mails\es\bankwire.html [] []
[2026-07-18T20:28:12.152751-03:00] app.DEBUG: Generate txt template bankwire at C:\xampp-8-2\htdocs\more-home/mails\es\bankwire.txt [] []
[2026-07-18T20:28:12.284924-03:00] app.DEBUG: Generate html template cheque at C:\xampp-8-2\htdocs\more-home/mails\es\cheque.html [] []
[2026-07-18T20:28:12.297838-03:00] app.DEBUG: Generate txt template cheque at C:\xampp-8-2\htdocs\more-home/mails\es\cheque.txt [] []
[2026-07-18T20:28:12.405250-03:00] app.DEBUG: Generate html template contact at C:\xampp-8-2\htdocs\more-home/mails\es\contact.html [] []
[2026-07-18T20:28:12.415809-03:00] app.DEBUG: Generate txt template contact at C:\xampp-8-2\htdocs\more-home/mails\es\contact.txt [] []
[2026-07-18T20:28:12.518378-03:00] app.DEBUG: Generate html template contact_form at C:\xampp-8-2\htdocs\more-home/mails\es\contact_form.html [] []
[2026-07-18T20:28:12.529379-03:00] app.DEBUG: Generate txt template contact_form at C:\xampp-8-2\htdocs\more-home/mails\es\contact_form.txt [] []
[2026-07-18T20:28:12.642133-03:00] app.DEBUG: Generate html template credit_slip at C:\xampp-8-2\htdocs\more-home/mails\es\credit_slip.html [] []
[2026-07-18T20:28:12.652003-03:00] app.DEBUG: Generate txt template credit_slip at C:\xampp-8-2\htdocs\more-home/mails\es\credit_slip.txt [] []
[2026-07-18T20:28:12.838458-03:00] app.DEBUG: Generate html template download_product at C:\xampp-8-2\htdocs\more-home/mails\es\download_product.html [] []
[2026-07-18T20:28:12.850226-03:00] app.DEBUG: Generate txt template download_product at C:\xampp-8-2\htdocs\more-home/mails\es\download_product.txt [] []
[2026-07-18T20:28:12.966275-03:00] app.DEBUG: Generate html template employee_password at C:\xampp-8-2\htdocs\more-home/mails\es\employee_password.html [] []
[2026-07-18T20:28:12.974202-03:00] app.DEBUG: Generate txt template employee_password at C:\xampp-8-2\htdocs\more-home/mails\es\employee_password.txt [] []
[2026-07-18T20:28:13.067487-03:00] app.DEBUG: Generate html template forward_msg at C:\xampp-8-2\htdocs\more-home/mails\es\forward_msg.html [] []
[2026-07-18T20:28:13.077251-03:00] app.DEBUG: Generate txt template forward_msg at C:\xampp-8-2\htdocs\more-home/mails\es\forward_msg.txt [] []
[2026-07-18T20:28:13.169307-03:00] app.DEBUG: Generate html template guest_to_customer at C:\xampp-8-2\htdocs\more-home/mails\es\guest_to_customer.html [] []
[2026-07-18T20:28:13.179110-03:00] app.DEBUG: Generate txt template guest_to_customer at C:\xampp-8-2\htdocs\more-home/mails\es\guest_to_customer.txt [] []
[2026-07-18T20:28:13.267079-03:00] app.DEBUG: Generate html template import at C:\xampp-8-2\htdocs\more-home/mails\es\import.html [] []
[2026-07-18T20:28:13.276340-03:00] app.DEBUG: Generate txt template import at C:\xampp-8-2\htdocs\more-home/mails\es\import.txt [] []
[2026-07-18T20:28:13.374283-03:00] app.DEBUG: Generate html template in_transit at C:\xampp-8-2\htdocs\more-home/mails\es\in_transit.html [] []
[2026-07-18T20:28:13.384746-03:00] app.DEBUG: Generate txt template in_transit at C:\xampp-8-2\htdocs\more-home/mails\es\in_transit.txt [] []
[2026-07-18T20:28:13.477220-03:00] app.DEBUG: Generate html template log_alert at C:\xampp-8-2\htdocs\more-home/mails\es\log_alert.html [] []
[2026-07-18T20:28:13.486290-03:00] app.DEBUG: Generate txt template log_alert at C:\xampp-8-2\htdocs\more-home/mails\es\log_alert.txt [] []
[2026-07-18T20:28:13.569175-03:00] app.DEBUG: Generate html template newsletter at C:\xampp-8-2\htdocs\more-home/mails\es\newsletter.html [] []
[2026-07-18T20:28:13.578092-03:00] app.DEBUG: Generate txt template newsletter at C:\xampp-8-2\htdocs\more-home/mails\es\newsletter.txt [] []
[2026-07-18T20:28:13.671105-03:00] app.DEBUG: Generate html template order_canceled at C:\xampp-8-2\htdocs\more-home/mails\es\order_canceled.html [] []
[2026-07-18T20:28:13.679759-03:00] app.DEBUG: Generate txt template order_canceled at C:\xampp-8-2\htdocs\more-home/mails\es\order_canceled.txt [] []
[2026-07-18T20:28:13.783724-03:00] app.DEBUG: Generate html template order_changed at C:\xampp-8-2\htdocs\more-home/mails\es\order_changed.html [] []
[2026-07-18T20:28:13.791320-03:00] app.DEBUG: Generate txt template order_changed at C:\xampp-8-2\htdocs\more-home/mails\es\order_changed.txt [] []
[2026-07-18T20:28:14.014771-03:00] app.DEBUG: Generate html template order_conf at C:\xampp-8-2\htdocs\more-home/mails\es\order_conf.html [] []
[2026-07-18T20:28:14.029799-03:00] app.DEBUG: Generate txt template order_conf at C:\xampp-8-2\htdocs\more-home/mails\es\order_conf.txt [] []
[2026-07-18T20:28:14.137786-03:00] app.DEBUG: Generate html template order_customer_comment at C:\xampp-8-2\htdocs\more-home/mails\es\order_customer_comment.html [] []
[2026-07-18T20:28:14.147149-03:00] app.DEBUG: Generate txt template order_customer_comment at C:\xampp-8-2\htdocs\more-home/mails\es\order_customer_comment.txt [] []
[2026-07-18T20:28:14.244120-03:00] app.DEBUG: Generate html template order_merchant_comment at C:\xampp-8-2\htdocs\more-home/mails\es\order_merchant_comment.html [] []
[2026-07-18T20:28:14.254771-03:00] app.DEBUG: Generate txt template order_merchant_comment at C:\xampp-8-2\htdocs\more-home/mails\es\order_merchant_comment.txt [] []
[2026-07-18T20:28:14.347056-03:00] app.DEBUG: Generate html template order_return_state at C:\xampp-8-2\htdocs\more-home/mails\es\order_return_state.html [] []
[2026-07-18T20:28:14.356150-03:00] app.DEBUG: Generate txt template order_return_state at C:\xampp-8-2\htdocs\more-home/mails\es\order_return_state.txt [] []
[2026-07-18T20:28:14.446908-03:00] app.DEBUG: Generate html template outofstock at C:\xampp-8-2\htdocs\more-home/mails\es\outofstock.html [] []
[2026-07-18T20:28:14.454856-03:00] app.DEBUG: Generate txt template outofstock at C:\xampp-8-2\htdocs\more-home/mails\es\outofstock.txt [] []
[2026-07-18T20:28:14.538878-03:00] app.DEBUG: Generate html template password at C:\xampp-8-2\htdocs\more-home/mails\es\password.html [] []
[2026-07-18T20:28:14.546277-03:00] app.DEBUG: Generate txt template password at C:\xampp-8-2\htdocs\more-home/mails\es\password.txt [] []
[2026-07-18T20:28:14.640121-03:00] app.DEBUG: Generate html template password_query at C:\xampp-8-2\htdocs\more-home/mails\es\password_query.html [] []
[2026-07-18T20:28:14.649187-03:00] app.DEBUG: Generate txt template password_query at C:\xampp-8-2\htdocs\more-home/mails\es\password_query.txt [] []
[2026-07-18T20:28:14.746780-03:00] app.DEBUG: Generate html template payment at C:\xampp-8-2\htdocs\more-home/mails\es\payment.html [] []
[2026-07-18T20:28:14.756795-03:00] app.DEBUG: Generate txt template payment at C:\xampp-8-2\htdocs\more-home/mails\es\payment.txt [] []
[2026-07-18T20:28:14.857828-03:00] app.DEBUG: Generate html template payment_error at C:\xampp-8-2\htdocs\more-home/mails\es\payment_error.html [] []
[2026-07-18T20:28:14.867569-03:00] app.DEBUG: Generate txt template payment_error at C:\xampp-8-2\htdocs\more-home/mails\es\payment_error.txt [] []
[2026-07-18T20:28:14.987987-03:00] app.DEBUG: Generate html template preparation at C:\xampp-8-2\htdocs\more-home/mails\es\preparation.html [] []
[2026-07-18T20:28:14.999481-03:00] app.DEBUG: Generate txt template preparation at C:\xampp-8-2\htdocs\more-home/mails\es\preparation.txt [] []
[2026-07-18T20:28:15.102388-03:00] app.DEBUG: Generate html template productoutofstock at C:\xampp-8-2\htdocs\more-home/mails\es\productoutofstock.html [] []
[2026-07-18T20:28:15.109498-03:00] app.DEBUG: Generate txt template productoutofstock at C:\xampp-8-2\htdocs\more-home/mails\es\productoutofstock.txt [] []
[2026-07-18T20:28:15.197464-03:00] app.DEBUG: Generate html template refund at C:\xampp-8-2\htdocs\more-home/mails\es\refund.html [] []
[2026-07-18T20:28:15.206778-03:00] app.DEBUG: Generate txt template refund at C:\xampp-8-2\htdocs\more-home/mails\es\refund.txt [] []
[2026-07-18T20:28:15.295484-03:00] app.DEBUG: Generate html template reply_msg at C:\xampp-8-2\htdocs\more-home/mails\es\reply_msg.html [] []
[2026-07-18T20:28:15.301953-03:00] app.DEBUG: Generate txt template reply_msg at C:\xampp-8-2\htdocs\more-home/mails\es\reply_msg.txt [] []
[2026-07-18T20:28:15.398240-03:00] app.DEBUG: Generate html template shipped at C:\xampp-8-2\htdocs\more-home/mails\es\shipped.html [] []
[2026-07-18T20:28:15.405761-03:00] app.DEBUG: Generate txt template shipped at C:\xampp-8-2\htdocs\more-home/mails\es\shipped.txt [] []
[2026-07-18T20:28:15.492065-03:00] app.DEBUG: Generate html template test at C:\xampp-8-2\htdocs\more-home/mails\es\test.html [] []
[2026-07-18T20:28:15.500833-03:00] app.DEBUG: Generate txt template test at C:\xampp-8-2\htdocs\more-home/mails\es\test.txt [] []
[2026-07-18T20:28:15.590798-03:00] app.DEBUG: Generate html template voucher at C:\xampp-8-2\htdocs\more-home/mails\es\voucher.html [] []
[2026-07-18T20:28:15.599545-03:00] app.DEBUG: Generate txt template voucher at C:\xampp-8-2\htdocs\more-home/mails\es\voucher.txt [] []
[2026-07-18T20:28:15.687600-03:00] app.DEBUG: Generate html template voucher_new at C:\xampp-8-2\htdocs\more-home/mails\es\voucher_new.html [] []
[2026-07-18T20:28:15.695649-03:00] app.DEBUG: Generate txt template voucher_new at C:\xampp-8-2\htdocs\more-home/mails\es\voucher_new.txt [] []
[2026-07-18T20:28:15.790882-03:00] app.DEBUG: Generate html template customer_qty at C:\xampp-8-2\htdocs\more-home/modules/\ps_emailalerts\mails\es\customer_qty.html [] []
[2026-07-18T20:28:15.799218-03:00] app.DEBUG: Generate txt template customer_qty at C:\xampp-8-2\htdocs\more-home/modules/\ps_emailalerts\mails\es\customer_qty.txt [] []
[2026-07-18T20:28:15.932181-03:00] app.DEBUG: Generate html template new_order at C:\xampp-8-2\htdocs\more-home/modules/\ps_emailalerts\mails\es\new_order.html [] []
[2026-07-18T20:28:15.944169-03:00] app.DEBUG: Generate txt template new_order at C:\xampp-8-2\htdocs\more-home/modules/\ps_emailalerts\mails\es\new_order.txt [] []
[2026-07-18T20:28:16.038814-03:00] app.DEBUG: Generate html template order_changed at C:\xampp-8-2\htdocs\more-home/modules/\ps_emailalerts\mails\es\order_changed.html [] []
[2026-07-18T20:28:16.047504-03:00] app.DEBUG: Generate txt template order_changed at C:\xampp-8-2\htdocs\more-home/modules/\ps_emailalerts\mails\es\order_changed.txt [] []
[2026-07-18T20:28:16.134371-03:00] app.DEBUG: Generate html template productcoverage at C:\xampp-8-2\htdocs\more-home/modules/\ps_emailalerts\mails\es\productcoverage.html [] []
[2026-07-18T20:28:16.142819-03:00] app.DEBUG: Generate txt template productcoverage at C:\xampp-8-2\htdocs\more-home/modules/\ps_emailalerts\mails\es\productcoverage.txt [] []
[2026-07-18T20:28:16.234761-03:00] app.DEBUG: Generate html template productoutofstock at C:\xampp-8-2\htdocs\more-home/modules/\ps_emailalerts\mails\es\productoutofstock.html [] []
[2026-07-18T20:28:16.241223-03:00] app.DEBUG: Generate txt template productoutofstock at C:\xampp-8-2\htdocs\more-home/modules/\ps_emailalerts\mails\es\productoutofstock.txt [] []
[2026-07-18T20:28:16.357249-03:00] app.DEBUG: Generate html template return_slip at C:\xampp-8-2\htdocs\more-home/modules/\ps_emailalerts\mails\es\return_slip.html [] []
[2026-07-18T20:28:16.367515-03:00] app.DEBUG: Generate txt template return_slip at C:\xampp-8-2\htdocs\more-home/modules/\ps_emailalerts\mails\es\return_slip.txt [] []
[2026-07-18T20:28:16.454613-03:00] app.DEBUG: Generate html template newsletter_conf at C:\xampp-8-2\htdocs\more-home/modules/\ps_emailsubscription\mails\es\newsletter_conf.html [] []
[2026-07-18T20:28:16.462232-03:00] app.DEBUG: Generate txt template newsletter_conf at C:\xampp-8-2\htdocs\more-home/modules/\ps_emailsubscription\mails\es\newsletter_conf.txt [] []
[2026-07-18T20:28:16.547558-03:00] app.DEBUG: Generate html template newsletter_verif at C:\xampp-8-2\htdocs\more-home/modules/\ps_emailsubscription\mails\es\newsletter_verif.html [] []
[2026-07-18T20:28:16.553963-03:00] app.DEBUG: Generate txt template newsletter_verif at C:\xampp-8-2\htdocs\more-home/modules/\ps_emailsubscription\mails\es\newsletter_verif.txt [] []
[2026-07-18T20:28:16.643370-03:00] app.DEBUG: Generate html template newsletter_voucher at C:\xampp-8-2\htdocs\more-home/modules/\ps_emailsubscription\mails\es\newsletter_voucher.html [] []
[2026-07-18T20:28:16.653196-03:00] app.DEBUG: Generate txt template newsletter_voucher at C:\xampp-8-2\htdocs\more-home/modules/\ps_emailsubscription\mails\es\newsletter_voucher.txt [] []
[2026-07-18T20:28:16.686457-03:00] messenger.INFO: Message PrestaShop\PrestaShop\Core\Domain\MailTemplate\Command\GenerateThemeMailTemplatesCommand handled by PrestaShop\PrestaShop\Core\Domain\MailTemplate\CommandHandler\GenerateThemeMailTemplatesHandler::handle {"class":"PrestaShop\\PrestaShop\\Core\\Domain\\MailTemplate\\Command\\GenerateThemeMailTemplatesCommand","handler":"PrestaShop\\PrestaShop\\Core\\Domain\\MailTemplate\\CommandHandler\\GenerateThemeMailTemplatesHandler::handle"} []
[2026-07-19T01:28:20.478793+02:00] php.INFO: User Deprecated: Since PrestaShop\PrestaShop 9: The "prestashop.adapter.cache.clearer.symfony_cache_clearer" service alias is deprecated. You should stop using it, as it will be removed in the future. {"exception":"[object] (ErrorException(code: 0): User Deprecated: Since PrestaShop\\PrestaShop 9: The \"prestashop.adapter.cache.clearer.symfony_cache_clearer\" service alias is deprecated. You should stop using it, as it will be removed in the future. at C:\\xampp-8-2\\htdocs\\more-home\\var\\cache\\prod\\admin\\ContainerHnLBwfA\\AdminKernelProdContainer.php:5897)"} []
[2026-07-19T01:28:24.633345+02:00] php.INFO: User Deprecated: Since PrestaShop/PrestaShop 9: The "prestashop.core.localization.cldr.locale_repository" service alias is deprecated. You should stop using it, as it will be removed in the future. {"exception":"[object] (ErrorException(code: 0): User Deprecated: Since PrestaShop/PrestaShop 9: The \"prestashop.core.localization.cldr.locale_repository\" service alias is deprecated. You should stop using it, as it will be removed in the future. at C:\\xampp-8-2\\htdocs\\more-home\\var\\cache\\prod\\admin\\ContainerHnLBwfA\\AdminKernelProdContainer.php:5729)"} []
[2026-07-18T20:28:26.091152-03:00] app.INFO: Exporting mail with theme modern for language Español AR (Spanish), Core output folder: C:\xampp-8-2\htdocs\more-home/mails, Modules output folder: C:\xampp-8-2\htdocs\more-home/modules/ [] []
[2026-07-18T20:28:26.115934-03:00] app.DEBUG: Generate html template account at C:\xampp-8-2\htdocs\more-home/mails\ag\account.html [] []
[2026-07-18T20:28:26.124845-03:00] app.DEBUG: Generate txt template account at C:\xampp-8-2\htdocs\more-home/mails\ag\account.txt [] []
[2026-07-18T20:28:26.147340-03:00] app.DEBUG: Generate html template backoffice_order at C:\xampp-8-2\htdocs\more-home/mails\ag\backoffice_order.html [] []
[2026-07-18T20:28:26.156789-03:00] app.DEBUG: Generate txt template backoffice_order at C:\xampp-8-2\htdocs\more-home/mails\ag\backoffice_order.txt [] []
[2026-07-18T20:28:26.182250-03:00] app.DEBUG: Generate html template bankwire at C:\xampp-8-2\htdocs\more-home/mails\ag\bankwire.html [] []
[2026-07-18T20:28:26.192857-03:00] app.DEBUG: Generate txt template bankwire at C:\xampp-8-2\htdocs\more-home/mails\ag\bankwire.txt [] []
[2026-07-18T20:28:26.219643-03:00] app.DEBUG: Generate html template cheque at C:\xampp-8-2\htdocs\more-home/mails\ag\cheque.html [] []
[2026-07-18T20:28:26.228663-03:00] app.DEBUG: Generate txt template cheque at C:\xampp-8-2\htdocs\more-home/mails\ag\cheque.txt [] []
[2026-07-18T20:28:26.252883-03:00] app.DEBUG: Generate html template contact at C:\xampp-8-2\htdocs\more-home/mails\ag\contact.html [] []
[2026-07-18T20:28:26.263120-03:00] app.DEBUG: Generate txt template contact at C:\xampp-8-2\htdocs\more-home/mails\ag\contact.txt [] []
[2026-07-18T20:28:26.288096-03:00] app.DEBUG: Generate html template contact_form at C:\xampp-8-2\htdocs\more-home/mails\ag\contact_form.html [] []
[2026-07-18T20:28:26.298264-03:00] app.DEBUG: Generate txt template contact_form at C:\xampp-8-2\htdocs\more-home/mails\ag\contact_form.txt [] []
[2026-07-18T20:28:26.323422-03:00] app.DEBUG: Generate html template credit_slip at C:\xampp-8-2\htdocs\more-home/mails\ag\credit_slip.html [] []
[2026-07-18T20:28:26.332982-03:00] app.DEBUG: Generate txt template credit_slip at C:\xampp-8-2\htdocs\more-home/mails\ag\credit_slip.txt [] []
[2026-07-18T20:28:26.357889-03:00] app.DEBUG: Generate html template download_product at C:\xampp-8-2\htdocs\more-home/mails\ag\download_product.html [] []
[2026-07-18T20:28:26.368356-03:00] app.DEBUG: Generate txt template download_product at C:\xampp-8-2\htdocs\more-home/mails\ag\download_product.txt [] []
[2026-07-18T20:28:26.391452-03:00] app.DEBUG: Generate html template employee_password at C:\xampp-8-2\htdocs\more-home/mails\ag\employee_password.html [] []
[2026-07-18T20:28:26.398292-03:00] app.DEBUG: Generate txt template employee_password at C:\xampp-8-2\htdocs\more-home/mails\ag\employee_password.txt [] []
[2026-07-18T20:28:26.417364-03:00] app.DEBUG: Generate html template forward_msg at C:\xampp-8-2\htdocs\more-home/mails\ag\forward_msg.html [] []
[2026-07-18T20:28:26.425682-03:00] app.DEBUG: Generate txt template forward_msg at C:\xampp-8-2\htdocs\more-home/mails\ag\forward_msg.txt [] []
[2026-07-18T20:28:26.449189-03:00] app.DEBUG: Generate html template guest_to_customer at C:\xampp-8-2\htdocs\more-home/mails\ag\guest_to_customer.html [] []
[2026-07-18T20:28:26.457250-03:00] app.DEBUG: Generate txt template guest_to_customer at C:\xampp-8-2\htdocs\more-home/mails\ag\guest_to_customer.txt [] []
[2026-07-18T20:28:26.476697-03:00] app.DEBUG: Generate html template import at C:\xampp-8-2\htdocs\more-home/mails\ag\import.html [] []
[2026-07-18T20:28:26.484754-03:00] app.DEBUG: Generate txt template import at C:\xampp-8-2\htdocs\more-home/mails\ag\import.txt [] []
[2026-07-18T20:28:26.505274-03:00] app.DEBUG: Generate html template in_transit at C:\xampp-8-2\htdocs\more-home/mails\ag\in_transit.html [] []
[2026-07-18T20:28:26.513377-03:00] app.DEBUG: Generate txt template in_transit at C:\xampp-8-2\htdocs\more-home/mails\ag\in_transit.txt [] []
[2026-07-18T20:28:26.535392-03:00] app.DEBUG: Generate html template log_alert at C:\xampp-8-2\htdocs\more-home/mails\ag\log_alert.html [] []
[2026-07-18T20:28:26.543128-03:00] app.DEBUG: Generate txt template log_alert at C:\xampp-8-2\htdocs\more-home/mails\ag\log_alert.txt [] []
[2026-07-18T20:28:26.562843-03:00] app.DEBUG: Generate html template newsletter at C:\xampp-8-2\htdocs\more-home/mails\ag\newsletter.html [] []
[2026-07-18T20:28:26.572655-03:00] app.DEBUG: Generate txt template newsletter at C:\xampp-8-2\htdocs\more-home/mails\ag\newsletter.txt [] []
[2026-07-18T20:28:26.594954-03:00] app.DEBUG: Generate html template order_canceled at C:\xampp-8-2\htdocs\more-home/mails\ag\order_canceled.html [] []
[2026-07-18T20:28:26.604411-03:00] app.DEBUG: Generate txt template order_canceled at C:\xampp-8-2\htdocs\more-home/mails\ag\order_canceled.txt [] []
[2026-07-18T20:28:26.623763-03:00] app.DEBUG: Generate html template order_changed at C:\xampp-8-2\htdocs\more-home/mails\ag\order_changed.html [] []
[2026-07-18T20:28:26.630843-03:00] app.DEBUG: Generate txt template order_changed at C:\xampp-8-2\htdocs\more-home/mails\ag\order_changed.txt [] []
[2026-07-18T20:28:26.664658-03:00] app.DEBUG: Generate html template order_conf at C:\xampp-8-2\htdocs\more-home/mails\ag\order_conf.html [] []
[2026-07-18T20:28:26.676895-03:00] app.DEBUG: Generate txt template order_conf at C:\xampp-8-2\htdocs\more-home/mails\ag\order_conf.txt [] []
[2026-07-18T20:28:26.700205-03:00] app.DEBUG: Generate html template order_customer_comment at C:\xampp-8-2\htdocs\more-home/mails\ag\order_customer_comment.html [] []
[2026-07-18T20:28:26.708185-03:00] app.DEBUG: Generate txt template order_customer_comment at C:\xampp-8-2\htdocs\more-home/mails\ag\order_customer_comment.txt [] []
[2026-07-18T20:28:26.732178-03:00] app.DEBUG: Generate html template order_merchant_comment at C:\xampp-8-2\htdocs\more-home/mails\ag\order_merchant_comment.html [] []
[2026-07-18T20:28:26.743060-03:00] app.DEBUG: Generate txt template order_merchant_comment at C:\xampp-8-2\htdocs\more-home/mails\ag\order_merchant_comment.txt [] []
[2026-07-18T20:28:26.761463-03:00] app.DEBUG: Generate html template order_return_state at C:\xampp-8-2\htdocs\more-home/mails\ag\order_return_state.html [] []
[2026-07-18T20:28:26.770775-03:00] app.DEBUG: Generate txt template order_return_state at C:\xampp-8-2\htdocs\more-home/mails\ag\order_return_state.txt [] []
[2026-07-18T20:28:26.791680-03:00] app.DEBUG: Generate html template outofstock at C:\xampp-8-2\htdocs\more-home/mails\ag\outofstock.html [] []
[2026-07-18T20:28:26.799814-03:00] app.DEBUG: Generate txt template outofstock at C:\xampp-8-2\htdocs\more-home/mails\ag\outofstock.txt [] []
[2026-07-18T20:28:26.819811-03:00] app.DEBUG: Generate html template password at C:\xampp-8-2\htdocs\more-home/mails\ag\password.html [] []
[2026-07-18T20:28:26.827635-03:00] app.DEBUG: Generate txt template password at C:\xampp-8-2\htdocs\more-home/mails\ag\password.txt [] []
[2026-07-18T20:28:26.850376-03:00] app.DEBUG: Generate html template password_query at C:\xampp-8-2\htdocs\more-home/mails\ag\password_query.html [] []
[2026-07-18T20:28:26.858371-03:00] app.DEBUG: Generate txt template password_query at C:\xampp-8-2\htdocs\more-home/mails\ag\password_query.txt [] []
[2026-07-18T20:28:26.877999-03:00] app.DEBUG: Generate html template payment at C:\xampp-8-2\htdocs\more-home/mails\ag\payment.html [] []
[2026-07-18T20:28:26.885361-03:00] app.DEBUG: Generate txt template payment at C:\xampp-8-2\htdocs\more-home/mails\ag\payment.txt [] []
[2026-07-18T20:28:26.908056-03:00] app.DEBUG: Generate html template payment_error at C:\xampp-8-2\htdocs\more-home/mails\ag\payment_error.html [] []
[2026-07-18T20:28:26.916613-03:00] app.DEBUG: Generate txt template payment_error at C:\xampp-8-2\htdocs\more-home/mails\ag\payment_error.txt [] []
[2026-07-18T20:28:26.939188-03:00] app.DEBUG: Generate html template preparation at C:\xampp-8-2\htdocs\more-home/mails\ag\preparation.html [] []
[2026-07-18T20:28:26.947999-03:00] app.DEBUG: Generate txt template preparation at C:\xampp-8-2\htdocs\more-home/mails\ag\preparation.txt [] []
[2026-07-18T20:28:26.969698-03:00] app.DEBUG: Generate html template productoutofstock at C:\xampp-8-2\htdocs\more-home/mails\ag\productoutofstock.html [] []
[2026-07-18T20:28:26.976792-03:00] app.DEBUG: Generate txt template productoutofstock at C:\xampp-8-2\htdocs\more-home/mails\ag\productoutofstock.txt [] []
[2026-07-18T20:28:27.000117-03:00] app.DEBUG: Generate html template refund at C:\xampp-8-2\htdocs\more-home/mails\ag\refund.html [] []
[2026-07-18T20:28:27.007750-03:00] app.DEBUG: Generate txt template refund at C:\xampp-8-2\htdocs\more-home/mails\ag\refund.txt [] []
[2026-07-18T20:28:27.027957-03:00] app.DEBUG: Generate html template reply_msg at C:\xampp-8-2\htdocs\more-home/mails\ag\reply_msg.html [] []
[2026-07-18T20:28:27.034976-03:00] app.DEBUG: Generate txt template reply_msg at C:\xampp-8-2\htdocs\more-home/mails\ag\reply_msg.txt [] []
[2026-07-18T20:28:27.057437-03:00] app.DEBUG: Generate html template shipped at C:\xampp-8-2\htdocs\more-home/mails\ag\shipped.html [] []
[2026-07-18T20:28:27.067307-03:00] app.DEBUG: Generate txt template shipped at C:\xampp-8-2\htdocs\more-home/mails\ag\shipped.txt [] []
[2026-07-18T20:28:27.086753-03:00] app.DEBUG: Generate html template test at C:\xampp-8-2\htdocs\more-home/mails\ag\test.html [] []
[2026-07-18T20:28:27.093747-03:00] app.DEBUG: Generate txt template test at C:\xampp-8-2\htdocs\more-home/mails\ag\test.txt [] []
[2026-07-18T20:28:27.110664-03:00] app.DEBUG: Generate html template voucher at C:\xampp-8-2\htdocs\more-home/mails\ag\voucher.html [] []
[2026-07-18T20:28:27.119841-03:00] app.DEBUG: Generate txt template voucher at C:\xampp-8-2\htdocs\more-home/mails\ag\voucher.txt [] []
[2026-07-18T20:28:27.140600-03:00] app.DEBUG: Generate html template voucher_new at C:\xampp-8-2\htdocs\more-home/mails\ag\voucher_new.html [] []
[2026-07-18T20:28:27.149878-03:00] app.DEBUG: Generate txt template voucher_new at C:\xampp-8-2\htdocs\more-home/mails\ag\voucher_new.txt [] []
[2026-07-18T20:28:27.171601-03:00] app.DEBUG: Generate html template customer_qty at C:\xampp-8-2\htdocs\more-home/modules/\ps_emailalerts\mails\ag\customer_qty.html [] []
[2026-07-18T20:28:27.181831-03:00] app.DEBUG: Generate txt template customer_qty at C:\xampp-8-2\htdocs\more-home/modules/\ps_emailalerts\mails\ag\customer_qty.txt [] []
[2026-07-18T20:28:27.215683-03:00] app.DEBUG: Generate html template new_order at C:\xampp-8-2\htdocs\more-home/modules/\ps_emailalerts\mails\ag\new_order.html [] []
[2026-07-18T20:28:27.230836-03:00] app.DEBUG: Generate txt template new_order at C:\xampp-8-2\htdocs\more-home/modules/\ps_emailalerts\mails\ag\new_order.txt [] []
[2026-07-18T20:28:27.252809-03:00] app.DEBUG: Generate html template order_changed at C:\xampp-8-2\htdocs\more-home/modules/\ps_emailalerts\mails\ag\order_changed.html [] []
[2026-07-18T20:28:27.261443-03:00] app.DEBUG: Generate txt template order_changed at C:\xampp-8-2\htdocs\more-home/modules/\ps_emailalerts\mails\ag\order_changed.txt [] []
[2026-07-18T20:28:27.282465-03:00] app.DEBUG: Generate html template productcoverage at C:\xampp-8-2\htdocs\more-home/modules/\ps_emailalerts\mails\ag\productcoverage.html [] []
[2026-07-18T20:28:27.289579-03:00] app.DEBUG: Generate txt template productcoverage at C:\xampp-8-2\htdocs\more-home/modules/\ps_emailalerts\mails\ag\productcoverage.txt [] []
[2026-07-18T20:28:27.310137-03:00] app.DEBUG: Generate html template productoutofstock at C:\xampp-8-2\htdocs\more-home/modules/\ps_emailalerts\mails\ag\productoutofstock.html [] []
[2026-07-18T20:28:27.319780-03:00] app.DEBUG: Generate txt template productoutofstock at C:\xampp-8-2\htdocs\more-home/modules/\ps_emailalerts\mails\ag\productoutofstock.txt [] []
[2026-07-18T20:28:27.349188-03:00] app.DEBUG: Generate html template return_slip at C:\xampp-8-2\htdocs\more-home/modules/\ps_emailalerts\mails\ag\return_slip.html [] []
[2026-07-18T20:28:27.361705-03:00] app.DEBUG: Generate txt template return_slip at C:\xampp-8-2\htdocs\more-home/modules/\ps_emailalerts\mails\ag\return_slip.txt [] []
[2026-07-18T20:28:27.382282-03:00] app.DEBUG: Generate html template newsletter_conf at C:\xampp-8-2\htdocs\more-home/modules/\ps_emailsubscription\mails\ag\newsletter_conf.html [] []
[2026-07-18T20:28:27.388628-03:00] app.DEBUG: Generate txt template newsletter_conf at C:\xampp-8-2\htdocs\more-home/modules/\ps_emailsubscription\mails\ag\newsletter_conf.txt [] []
[2026-07-18T20:28:27.410433-03:00] app.DEBUG: Generate html template newsletter_verif at C:\xampp-8-2\htdocs\more-home/modules/\ps_emailsubscription\mails\ag\newsletter_verif.html [] []
[2026-07-18T20:28:27.419103-03:00] app.DEBUG: Generate txt template newsletter_verif at C:\xampp-8-2\htdocs\more-home/modules/\ps_emailsubscription\mails\ag\newsletter_verif.txt [] []
[2026-07-18T20:28:27.438108-03:00] app.DEBUG: Generate html template newsletter_voucher at C:\xampp-8-2\htdocs\more-home/modules/\ps_emailsubscription\mails\ag\newsletter_voucher.html [] []
[2026-07-18T20:28:27.445657-03:00] app.DEBUG: Generate txt template newsletter_voucher at C:\xampp-8-2\htdocs\more-home/modules/\ps_emailsubscription\mails\ag\newsletter_voucher.txt [] []
[2026-07-18T20:28:27.445779-03:00] messenger.INFO: Message PrestaShop\PrestaShop\Core\Domain\MailTemplate\Command\GenerateThemeMailTemplatesCommand handled by PrestaShop\PrestaShop\Core\Domain\MailTemplate\CommandHandler\GenerateThemeMailTemplatesHandler::handle {"class":"PrestaShop\\PrestaShop\\Core\\Domain\\MailTemplate\\Command\\GenerateThemeMailTemplatesCommand","handler":"PrestaShop\\PrestaShop\\Core\\Domain\\MailTemplate\\CommandHandler\\GenerateThemeMailTemplatesHandler::handle"} []
[2026-07-18T20:28:29.040681-03:00] app.ERROR: ExecKernelCacheClearer: Could not clear cache for admin env prod result: 255 output: array (   0 => 'PHP Fatal error:  Uncaught RuntimeException: Composer detected issues in your platform: Your Composer dependencies require a PHP version ">= 8.1.0". You are running 8.0.30. in C:\\xampp-8-2\\htdocs\\more-home\\vendor\\composer\\platform_check.php:26',   1 => 'Stack trace:',   2 => '#0 C:\\xampp-8-2\\htdocs\\more-home\\vendor\\composer\\autoload_real.php(25): require()',   3 => '#1 C:\\xampp-8-2\\htdocs\\more-home\\vendor\\autoload.php(22): ComposerAutoloaderInit89bfcfe19a11e7b004d81ec69cd203ae::getLoader()',   4 => '#2 C:\\xampp-8-2\\htdocs\\more-home\\config\\autoload.php(10): require_once(\'C:\\\\xampp-8-2\\\\ht...\')',   5 => '#3 C:\\xampp-8-2\\htdocs\\more-home\\autoload.php(12): require_once(\'C:\\\\xampp-8-2\\\\ht...\')',   6 => '#4 C:\\xampp-8-2\\htdocs\\more-home\\bin\\console(18): require_once(\'C:\\\\xampp-8-2\\\\ht...\')',   7 => '#5 {main}',   8 => '  thrown in C:\\xampp-8-2\\htdocs\\more-home\\vendor\\composer\\platform_check.php on line 26', ) [] []
[2026-07-19T01:28:40.298611+02:00] php.INFO: User Deprecated: Since symfony/http-kernel 6.3: Parameter "container.dumper.inline_class_loader" is deprecated, use ".container.dumper.inline_class_loader" instead. {"exception":"[object] (ErrorException(code: 0): User Deprecated: Since symfony/http-kernel 6.3: Parameter \"container.dumper.inline_class_loader\" is deprecated, use \".container.dumper.inline_class_loader\" instead. at C:\\xampp-8-2\\htdocs\\more-home\\vendor\\symfony\\http-kernel\\Kernel.php:717)"} []
[2026-07-18T20:29:29.971427-03:00] app.INFO: ApplicationKernelCacheClearer: Successfully cleared cache for admin env prod debug on [] []
[2026-07-18T20:29:33.064870-03:00] app.INFO: ApplicationKernelCacheClearer: Successfully cleared cache for admin env prod debug off [] []
[2026-07-19T01:29:33.070643+02:00] php.WARNING: Warning: require(C:\xampp-8-2\htdocs\more-home\var\cache\prod\admin\ContainerWeP1YDU\get_Console_Command_CacheWarmup_LazyService.php): Failed to open stream: No such file or directory {"exception":"[object] (ErrorException(code: 0): Warning: require(C:\\xampp-8-2\\htdocs\\more-home\\var\\cache\\prod\\admin\\ContainerWeP1YDU\\get_Console_Command_CacheWarmup_LazyService.php): Failed to open stream: No such file or directory at C:\\xampp-8-2\\htdocs\\more-home\\var\\cache\\prod\\admin\\ContainerWeP1YDU\\AdminKernelProdDebugContainer.php:2269)"} []
[2026-07-19T01:29:33.102968+02:00] php.WARNING: Warning: require(C:\xampp-8-2\htdocs\more-home\var\cache\prod\admin\ContainerWeP1YDU\getConsole_ErrorListenerService.php): Failed to open stream: No such file or directory {"exception":"[object] (ErrorException(code: 0): Warning: require(C:\\xampp-8-2\\htdocs\\more-home\\var\\cache\\prod\\admin\\ContainerWeP1YDU\\getConsole_ErrorListenerService.php): Failed to open stream: No such file or directory at C:\\xampp-8-2\\htdocs\\more-home\\var\\cache\\prod\\admin\\ContainerWeP1YDU\\AdminKernelProdDebugContainer.php:2269)"} []
[2026-07-18T20:29:33.103089-03:00] app.ERROR: SymfonyCacheClearer: Error while clearing cache for admin env prod using PrestaShop\PrestaShop\Adapter\Cache\Clearer\Symfony\ApplicationKernelCacheClearer: Failed opening required 'C:\xampp-8-2\htdocs\more-home\var\cache\prod\admin\ContainerWeP1YDU\getConsole_ErrorListenerService.php' (include_path='C:\xampp-8-2\php\PEAR') [] []
[2026-07-18T20:29:33.106467-03:00] app.DEBUG: FilesystemKernelCacheClearer: Trying manual removal on trial 1/5 of cache folder C:\xampp-8-2\htdocs\more-home/var/cache/prod/admin [] []
[2026-07-18T20:29:34.865648-03:00] app.INFO: FilesystemKernelCacheClearer: Cache folder C:\xampp-8-2\htdocs\more-home/var/cache/prod/admin successfully cleared manually [] []
[2026-07-18T20:29:34.869209-03:00] app.DEBUG: SymfonyCacheClearer: No symfony cache to clear for admin-api env prod [] []
[2026-07-18T20:29:34.869465-03:00] app.DEBUG: SymfonyCacheClearer: No symfony cache to clear for front env prod [] []
[2026-07-18T20:29:34.874581-03:00] app.DEBUG: SymfonyCacheClearer: No symfony cache to clear for admin env dev [] []
[2026-07-18T20:29:34.874806-03:00] app.DEBUG: SymfonyCacheClearer: No symfony cache to clear for admin-api env dev [] []
[2026-07-18T20:29:34.874972-03:00] app.DEBUG: SymfonyCacheClearer: No symfony cache to clear for front env dev [] []
[2026-07-18T20:55:08.314059-03:00] php.INFO: User Deprecated: Since symfony/framework-bundle 6.4: The "annotations.cached_reader" service is deprecated without replacement. {"exception":"[object] (ErrorException(code: 0): User Deprecated: Since symfony/framework-bundle 6.4: The \"annotations.cached_reader\" service is deprecated without replacement. at C:\\xampp-8-2\\htdocs\\more-home\\var\\cache\\prod\\admin\\ContainerLXUpmGt\\getAnnotations_CachedReaderService.php:23)"} []
[2026-07-18T20:55:08.316367-03:00] php.INFO: User Deprecated: Since symfony/framework-bundle 6.4: The "annotations.reader" service is deprecated without replacement. {"exception":"[object] (ErrorException(code: 0): User Deprecated: Since symfony/framework-bundle 6.4: The \"annotations.reader\" service is deprecated without replacement. at C:\\xampp-8-2\\htdocs\\more-home\\var\\cache\\prod\\admin\\ContainerLXUpmGt\\getAnnotations_ReaderService.php:23)"} []
[2026-07-18T20:55:08.330507-03:00] php.INFO: User Deprecated: Since symfony/framework-bundle 6.4: The "annotations.cache_adapter" service is deprecated without replacement. {"exception":"[object] (ErrorException(code: 0): User Deprecated: Since symfony/framework-bundle 6.4: The \"annotations.cache_adapter\" service is deprecated without replacement. at C:\\xampp-8-2\\htdocs\\more-home\\var\\cache\\prod\\admin\\ContainerLXUpmGt\\getAnnotations_CacheAdapterService.php:23)"} []
[2026-07-18T20:55:08.331830-03:00] php.INFO: User Deprecated: Since symfony/routing 6.4: Passing an instance of "Doctrine\Common\Annotations\Reader" as first and the environment as second argument to "Symfony\Component\Routing\Loader\AttributeClassLoader::__construct" is deprecated. Pass the environment as first argument instead. {"exception":"[object] (ErrorException(code: 0): User Deprecated: Since symfony/routing 6.4: Passing an instance of \"Doctrine\\Common\\Annotations\\Reader\" as first and the environment as second argument to \"Symfony\\Component\\Routing\\Loader\\AttributeClassLoader::__construct\" is deprecated. Pass the environment as first argument instead. at C:\\xampp-8-2\\htdocs\\more-home\\vendor\\symfony\\routing\\Loader\\AttributeClassLoader.php:86)"} []
[2026-07-18T20:55:08.396009-03:00] php.INFO: User Deprecated: Since symfony/validator 6.4: Method "Symfony\Component\Validator\ValidatorBuilder::setDoctrineAnnotationReader()" is deprecated without replacement. {"exception":"[object] (ErrorException(code: 0): User Deprecated: Since symfony/validator 6.4: Method \"Symfony\\Component\\Validator\\ValidatorBuilder::setDoctrineAnnotationReader()\" is deprecated without replacement. at C:\\xampp-8-2\\htdocs\\more-home\\vendor\\symfony\\validator\\ValidatorBuilder.php:252)"} []
[2026-07-18T20:55:08.735869-03:00] php.INFO: User Deprecated: Since symfony/serializer 6.4: Passing a "Doctrine\Common\Annotations\PsrCachedReader" instance as argument 1 to "Symfony\Component\Serializer\Mapping\Loader\AttributeLoader::__construct()" is deprecated, pass null or omit the parameter instead. {"exception":"[object] (ErrorException(code: 0): User Deprecated: Since symfony/serializer 6.4: Passing a \"Doctrine\\Common\\Annotations\\PsrCachedReader\" instance as argument 1 to \"Symfony\\Component\\Serializer\\Mapping\\Loader\\AttributeLoader::__construct()\" is deprecated, pass null or omit the parameter instead. at C:\\xampp-8-2\\htdocs\\more-home\\vendor\\symfony\\serializer\\Mapping\\Loader\\AttributeLoader.php:53)"} []
[2026-07-18T20:55:12.544069-03:00] php.INFO: User Deprecated: Not configuring a schema manager factory is deprecated. Use Doctrine\DBAL\Schema\DefaultSchemaManagerFactory which is going to be the default in DBAL 4. (Connection.php:222 called by DriverManager.php:197, https://github.com/doctrine/dbal/issues/5812, package doctrine/dbal) {"exception":"[object] (ErrorException(code: 0): User Deprecated: Not configuring a schema manager factory is deprecated. Use Doctrine\\DBAL\\Schema\\DefaultSchemaManagerFactory which is going to be the default in DBAL 4. (Connection.php:222 called by DriverManager.php:197, https://github.com/doctrine/dbal/issues/5812, package doctrine/dbal) at C:\\xampp-8-2\\htdocs\\more-home\\vendor\\doctrine\\deprecations\\src\\Deprecation.php:208)"} []
[2026-07-18T20:55:12.550828-03:00] php.INFO: User Deprecated: Since symfony/doctrine-bridge 6.3: The "Symfony\Bridge\Doctrine\SchemaListener\MessengerTransportDoctrineSchemaSubscriber" class is deprecated. Use "Symfony\Bridge\Doctrine\SchemaListener\MessengerTransportDoctrineSchemaListener" instead. {"exception":"[object] (ErrorException(code: 0): User Deprecated: Since symfony/doctrine-bridge 6.3: The \"Symfony\\Bridge\\Doctrine\\SchemaListener\\MessengerTransportDoctrineSchemaSubscriber\" class is deprecated. Use \"Symfony\\Bridge\\Doctrine\\SchemaListener\\MessengerTransportDoctrineSchemaListener\" instead. at C:\\xampp-8-2\\htdocs\\more-home\\vendor\\symfony\\doctrine-bridge\\SchemaListener\\MessengerTransportDoctrineSchemaSubscriber.php:18)"} []
[2026-07-18T20:55:12.552049-03:00] php.INFO: User Deprecated: Since symfony/doctrine-bridge 6.3: Registering "Symfony\Bridge\Doctrine\SchemaListener\MessengerTransportDoctrineSchemaSubscriber" as a Doctrine subscriber is deprecated. Register it as a listener instead, using e.g. the #[AsDoctrineListener] or #[AsDocumentListener] attribute. {"exception":"[object] (ErrorException(code: 0): User Deprecated: Since symfony/doctrine-bridge 6.3: Registering \"Symfony\\Bridge\\Doctrine\\SchemaListener\\MessengerTransportDoctrineSchemaSubscriber\" as a Doctrine subscriber is deprecated. Register it as a listener instead, using e.g. the #[AsDoctrineListener] or #[AsDocumentListener] attribute. at C:\\xampp-8-2\\htdocs\\more-home\\vendor\\symfony\\doctrine-bridge\\ContainerAwareEventManager.php:211)"} []
[2026-07-18T20:55:12.553414-03:00] php.INFO: User Deprecated: Since symfony/doctrine-bridge 6.3: The "Symfony\Bridge\Doctrine\SchemaListener\DoctrineDbalCacheAdapterSchemaSubscriber" class is deprecated. Use "Symfony\Bridge\Doctrine\SchemaListener\DoctrineDbalCacheAdapterSchemaListener" instead. {"exception":"[object] (ErrorException(code: 0): User Deprecated: Since symfony/doctrine-bridge 6.3: The \"Symfony\\Bridge\\Doctrine\\SchemaListener\\DoctrineDbalCacheAdapterSchemaSubscriber\" class is deprecated. Use \"Symfony\\Bridge\\Doctrine\\SchemaListener\\DoctrineDbalCacheAdapterSchemaListener\" instead. at C:\\xampp-8-2\\htdocs\\more-home\\vendor\\symfony\\doctrine-bridge\\SchemaListener\\DoctrineDbalCacheAdapterSchemaSubscriber.php:17)"} []
[2026-07-18T20:55:12.553877-03:00] php.INFO: User Deprecated: Since symfony/doctrine-bridge 6.3: Registering "Symfony\Bridge\Doctrine\SchemaListener\DoctrineDbalCacheAdapterSchemaSubscriber" as a Doctrine subscriber is deprecated. Register it as a listener instead, using e.g. the #[AsDoctrineListener] or #[AsDocumentListener] attribute. {"exception":"[object] (ErrorException(code: 0): User Deprecated: Since symfony/doctrine-bridge 6.3: Registering \"Symfony\\Bridge\\Doctrine\\SchemaListener\\DoctrineDbalCacheAdapterSchemaSubscriber\" as a Doctrine subscriber is deprecated. Register it as a listener instead, using e.g. the #[AsDoctrineListener] or #[AsDocumentListener] attribute. at C:\\xampp-8-2\\htdocs\\more-home\\vendor\\symfony\\doctrine-bridge\\ContainerAwareEventManager.php:211)"} []
[2026-07-18T20:55:12.554729-03:00] php.INFO: User Deprecated: Since symfony/doctrine-bridge 6.3: The "Symfony\Bridge\Doctrine\SchemaListener\RememberMeTokenProviderDoctrineSchemaSubscriber" class is deprecated. Use "Symfony\Bridge\Doctrine\SchemaListener\RememberMeTokenProviderDoctrineSchemaListener" instead. {"exception":"[object] (ErrorException(code: 0): User Deprecated: Since symfony/doctrine-bridge 6.3: The \"Symfony\\Bridge\\Doctrine\\SchemaListener\\RememberMeTokenProviderDoctrineSchemaSubscriber\" class is deprecated. Use \"Symfony\\Bridge\\Doctrine\\SchemaListener\\RememberMeTokenProviderDoctrineSchemaListener\" instead. at C:\\xampp-8-2\\htdocs\\more-home\\vendor\\symfony\\doctrine-bridge\\SchemaListener\\RememberMeTokenProviderDoctrineSchemaSubscriber.php:18)"} []
[2026-07-18T20:55:12.555138-03:00] php.INFO: User Deprecated: Since symfony/doctrine-bridge 6.3: Registering "Symfony\Bridge\Doctrine\SchemaListener\RememberMeTokenProviderDoctrineSchemaSubscriber" as a Doctrine subscriber is deprecated. Register it as a listener instead, using e.g. the #[AsDoctrineListener] or #[AsDocumentListener] attribute. {"exception":"[object] (ErrorException(code: 0): User Deprecated: Since symfony/doctrine-bridge 6.3: Registering \"Symfony\\Bridge\\Doctrine\\SchemaListener\\RememberMeTokenProviderDoctrineSchemaSubscriber\" as a Doctrine subscriber is deprecated. Register it as a listener instead, using e.g. the #[AsDoctrineListener] or #[AsDocumentListener] attribute. at C:\\xampp-8-2\\htdocs\\more-home\\vendor\\symfony\\doctrine-bridge\\ContainerAwareEventManager.php:211)"} []
[2026-07-18T20:55:12.594307-03:00] request.INFO: Matched route "admin_homepage". {"route":"admin_homepage","route_parameters":{"_route":"admin_homepage","_controller":"PrestaShopBundle\\Controller\\Admin\\LoginController::homepageAction"},"request_uri":"http://localhost:8080/more-home/admin801vwctefof35ais5ve/","method":"GET"} []
[2026-07-18T20:55:12.686789-03:00] php.INFO: User Deprecated: Since api-platform/symfony 4.1: The "api_platform.validator.query_parameter_validator" service is deprecated use "\ApiPlatform\Metadata\Parameter::$constraints" instead. {"exception":"[object] (ErrorException(code: 0): User Deprecated: Since api-platform/symfony 4.1: The \"api_platform.validator.query_parameter_validator\" service is deprecated use \"\\ApiPlatform\\Metadata\\Parameter::$constraints\" instead. at C:\\xampp-8-2\\htdocs\\more-home\\var\\cache\\prod\\admin\\ContainerLXUpmGt\\getApiPlatform_Validator_QueryParameterValidatorService.php:23)"} []
[2026-07-18T20:55:12.687774-03:00] php.INFO: User Deprecated: Since api-platform/core 3.4: The class "ApiPlatform\ParameterValidator\ParameterValidator" is deprecated, use "\ApiPlatform\Metadata\Parameter::$constraints" instead. {"exception":"[object] (ErrorException(code: 0): User Deprecated: Since api-platform/core 3.4: The class \"ApiPlatform\\ParameterValidator\\ParameterValidator\" is deprecated, use \"\\ApiPlatform\\Metadata\\Parameter::$constraints\" instead. at C:\\xampp-8-2\\htdocs\\more-home\\vendor\\api-platform\\core\\src\\ParameterValidator\\ParameterValidator.php:41)"} []
[2026-07-18T20:55:12.790655-03:00] php.INFO: User Deprecated: Since api-platform/core 3.4: The class "ApiPlatform\ParameterValidator\Validator\ArrayItems" is deprecated, use "\ApiPlatform\Metadata\Parameter::$constraints" instead. {"exception":"[object] (ErrorException(code: 0): User Deprecated: Since api-platform/core 3.4: The class \"ApiPlatform\\ParameterValidator\\Validator\\ArrayItems\" is deprecated, use \"\\ApiPlatform\\Metadata\\Parameter::$constraints\" instead. at C:\\xampp-8-2\\htdocs\\more-home\\vendor\\api-platform\\core\\src\\ParameterValidator\\Validator\\ArrayItems.php:25)"} []
[2026-07-18T20:55:12.823929-03:00] php.INFO: User Deprecated: Since api-platform/core 3.4: The class "ApiPlatform\ParameterValidator\Validator\Bounds" is deprecated, use "\ApiPlatform\Metadata\Parameter::$constraints" instead. {"exception":"[object] (ErrorException(code: 0): User Deprecated: Since api-platform/core 3.4: The class \"ApiPlatform\\ParameterValidator\\Validator\\Bounds\" is deprecated, use \"\\ApiPlatform\\Metadata\\Parameter::$constraints\" instead. at C:\\xampp-8-2\\htdocs\\more-home\\vendor\\api-platform\\core\\src\\ParameterValidator\\Validator\\Bounds.php:25)"} []
[2026-07-18T20:55:12.856656-03:00] php.INFO: User Deprecated: Since api-platform/core 3.4: The class "ApiPlatform\ParameterValidator\Validator\Enum" is deprecated, use "\ApiPlatform\Metadata\Parameter::$constraints" instead. {"exception":"[object] (ErrorException(code: 0): User Deprecated: Since api-platform/core 3.4: The class \"ApiPlatform\\ParameterValidator\\Validator\\Enum\" is deprecated, use \"\\ApiPlatform\\Metadata\\Parameter::$constraints\" instead. at C:\\xampp-8-2\\htdocs\\more-home\\vendor\\api-platform\\core\\src\\ParameterValidator\\Validator\\Enum.php:25)"} []
[2026-07-18T20:55:12.890531-03:00] php.INFO: User Deprecated: Since api-platform/core 3.4: The class "ApiPlatform\ParameterValidator\Validator\Length" is deprecated, use "\ApiPlatform\Metadata\Parameter::$constraints" instead. {"exception":"[object] (ErrorException(code: 0): User Deprecated: Since api-platform/core 3.4: The class \"ApiPlatform\\ParameterValidator\\Validator\\Length\" is deprecated, use \"\\ApiPlatform\\Metadata\\Parameter::$constraints\" instead. at C:\\xampp-8-2\\htdocs\\more-home\\vendor\\api-platform\\core\\src\\ParameterValidator\\Validator\\Length.php:25)"} []
[2026-07-18T20:55:12.923609-03:00] php.INFO: User Deprecated: Since api-platform/core 3.4: The class "ApiPlatform\ParameterValidator\Validator\MultipleOf" is deprecated, use "\ApiPlatform\Metadata\Parameter::$constraints" instead. {"exception":"[object] (ErrorException(code: 0): User Deprecated: Since api-platform/core 3.4: The class \"ApiPlatform\\ParameterValidator\\Validator\\MultipleOf\" is deprecated, use \"\\ApiPlatform\\Metadata\\Parameter::$constraints\" instead. at C:\\xampp-8-2\\htdocs\\more-home\\vendor\\api-platform\\core\\src\\ParameterValidator\\Validator\\MultipleOf.php:25)"} []
[2026-07-18T20:55:12.961361-03:00] php.INFO: User Deprecated: Since api-platform/core 3.4: The class "ApiPlatform\ParameterValidator\Validator\Pattern" is deprecated, use "\ApiPlatform\Metadata\Parameter::$constraints" instead. {"exception":"[object] (ErrorException(code: 0): User Deprecated: Since api-platform/core 3.4: The class \"ApiPlatform\\ParameterValidator\\Validator\\Pattern\" is deprecated, use \"\\ApiPlatform\\Metadata\\Parameter::$constraints\" instead. at C:\\xampp-8-2\\htdocs\\more-home\\vendor\\api-platform\\core\\src\\ParameterValidator\\Validator\\Pattern.php:25)"} []
[2026-07-18T20:55:12.997437-03:00] php.INFO: User Deprecated: Since api-platform/core 3.4: The class "ApiPlatform\ParameterValidator\Validator\Required" is deprecated, use "\ApiPlatform\Metadata\Parameter::$constraints" instead. {"exception":"[object] (ErrorException(code: 0): User Deprecated: Since api-platform/core 3.4: The class \"ApiPlatform\\ParameterValidator\\Validator\\Required\" is deprecated, use \"\\ApiPlatform\\Metadata\\Parameter::$constraints\" instead. at C:\\xampp-8-2\\htdocs\\more-home\\vendor\\api-platform\\core\\src\\ParameterValidator\\Validator\\Required.php:27)"} []
[2026-07-18T20:55:13.014791-03:00] php.INFO: User Deprecated: The annotation mapping driver is deprecated and will be removed in Doctrine ORM 3.0, please migrate to the attribute or XML driver. (AnnotationDriver.php:65 called by AdminKernelProdContainer.php:5173, https://github.com/doctrine/orm/issues/10098, package doctrine/orm) {"exception":"[object] (ErrorException(code: 0): User Deprecated: The annotation mapping driver is deprecated and will be removed in Doctrine ORM 3.0, please migrate to the attribute or XML driver. (AnnotationDriver.php:65 called by AdminKernelProdContainer.php:5173, https://github.com/doctrine/orm/issues/10098, package doctrine/orm) at C:\\xampp-8-2\\htdocs\\more-home\\vendor\\doctrine\\deprecations\\src\\Deprecation.php:208)"} []
[2026-07-18T20:55:13.014848-03:00] php.INFO: User Deprecated: In ORM 3.0, the AttributeDriver will report fields for the classes where they are declared. This may uncover invalid mapping configurations. To opt into the new mode also with the AnnotationDriver today, set the "reportFieldsWhereDeclared" constructor parameter to true. (AnnotationDriver.php:75 called by AdminKernelProdContainer.php:5173, https://github.com/doctrine/orm/pull/10455, package doctrine/orm) {"exception":"[object] (ErrorException(code: 0): User Deprecated: In ORM 3.0, the AttributeDriver will report fields for the classes where they are declared. This may uncover invalid mapping configurations. To opt into the new mode also with the AnnotationDriver today, set the \"reportFieldsWhereDeclared\" constructor parameter to true. (AnnotationDriver.php:75 called by AdminKernelProdContainer.php:5173, https://github.com/doctrine/orm/pull/10455, package doctrine/orm) at C:\\xampp-8-2\\htdocs\\more-home\\vendor\\doctrine\\deprecations\\src\\Deprecation.php:208)"} []
[2026-07-18T20:55:13.025236-03:00] php.INFO: User Deprecated: Doctrine\ORM\EntityManager::create() is deprecated. To bootstrap a DBAL connection, call Doctrine\DBAL\DriverManager::getConnection() instead. Use the constructor to create an instance of Doctrine\ORM\EntityManager. (EntityManager.php:995 called by AdminKernelProdContainer.php:3424, https://github.com/doctrine/orm/pull/9961, package doctrine/orm) {"exception":"[object] (ErrorException(code: 0): User Deprecated: Doctrine\\ORM\\EntityManager::create() is deprecated. To bootstrap a DBAL connection, call Doctrine\\DBAL\\DriverManager::getConnection() instead. Use the constructor to create an instance of Doctrine\\ORM\\EntityManager. (EntityManager.php:995 called by AdminKernelProdContainer.php:3424, https://github.com/doctrine/orm/pull/9961, package doctrine/orm) at C:\\xampp-8-2\\htdocs\\more-home\\vendor\\doctrine\\deprecations\\src\\Deprecation.php:208)"} []
[2026-07-18T20:55:13.025395-03:00] php.INFO: User Deprecated: Doctrine\DBAL\Connection::getEventManager is deprecated. (Connection.php:298 called by EntityManager.php:166, https://github.com/doctrine/dbal/issues/5784, package doctrine/dbal) {"exception":"[object] (ErrorException(code: 0): User Deprecated: Doctrine\\DBAL\\Connection::getEventManager is deprecated. (Connection.php:298 called by EntityManager.php:166, https://github.com/doctrine/dbal/issues/5784, package doctrine/dbal) at C:\\xampp-8-2\\htdocs\\more-home\\vendor\\doctrine\\deprecations\\src\\Deprecation.php:208)"} []
[2026-07-18T20:55:13.048454-03:00] php.INFO: User Deprecated: Not enabling lazy ghost objects is deprecated and will not be supported in Doctrine ORM 3.0. Ensure Doctrine\ORM\Configuration::setLazyGhostObjectEnabled(true) is called to enable them. (ProxyFactory.php:166 called by EntityManager.php:177, https://github.com/doctrine/orm/pull/10837/, package doctrine/orm) {"exception":"[object] (ErrorException(code: 0): User Deprecated: Not enabling lazy ghost objects is deprecated and will not be supported in Doctrine ORM 3.0. Ensure Doctrine\\ORM\\Configuration::setLazyGhostObjectEnabled(true) is called to enable them. (ProxyFactory.php:166 called by EntityManager.php:177, https://github.com/doctrine/orm/pull/10837/, package doctrine/orm) at C:\\xampp-8-2\\htdocs\\more-home\\vendor\\doctrine\\deprecations\\src\\Deprecation.php:208)"} []
[2026-07-18T20:55:13.427961-03:00] security.DEBUG: Checking for authenticator support. {"firewall_name":"main","authenticators":2} []
[2026-07-18T20:55:13.427978-03:00] security.DEBUG: Checking support on authenticator. {"firewall_name":"main","authenticator":"Symfony\\Component\\Security\\Http\\Authenticator\\FormLoginAuthenticator"} []
[2026-07-18T20:55:13.427992-03:00] security.DEBUG: Authenticator does not support the request. {"firewall_name":"main","authenticator":"Symfony\\Component\\Security\\Http\\Authenticator\\FormLoginAuthenticator"} []
[2026-07-18T20:55:13.427997-03:00] security.DEBUG: Checking support on authenticator. {"firewall_name":"main","authenticator":"Symfony\\Component\\Security\\Http\\Authenticator\\RememberMeAuthenticator"} []
[2026-07-18T20:55:13.428545-03:00] security.DEBUG: Authenticator does not support the request. {"firewall_name":"main","authenticator":"Symfony\\Component\\Security\\Http\\Authenticator\\RememberMeAuthenticator"} []
[2026-07-18T20:55:16.176232-03:00] php.INFO: User Deprecated: Since api-platform/core 3.4: Injecting the "ApiPlatform\JsonSchema\TypeFactoryInterface" inside "ApiPlatform\JsonSchema\SchemaFactory" is deprecated and "ApiPlatform\JsonSchema\TypeFactoryInterface" will be removed in 4.x. {"exception":"[object] (ErrorException(code: 0): User Deprecated: Since api-platform/core 3.4: Injecting the \"ApiPlatform\\JsonSchema\\TypeFactoryInterface\" inside \"ApiPlatform\\JsonSchema\\SchemaFactory\" is deprecated and \"ApiPlatform\\JsonSchema\\TypeFactoryInterface\" will be removed in 4.x. at C:\\xampp-8-2\\htdocs\\more-home\\vendor\\api-platform\\core\\src\\JsonSchema\\SchemaFactory.php:45)"} []
[2026-07-18T20:55:16.896363-03:00] request.CRITICAL: Uncaught PHP Exception Twig\Error\LoaderError: "The "C:\xampp-8-2\htdocs\more-home\admin/themes/new-theme" directory does not exist ("C:\xampp-8-2\htdocs\more-home\admin/themes/new-theme")." at FilesystemLoader.php line 99 {"exception":"[object] (Twig\\Error\\LoaderError(code: 0): The \"C:\\xampp-8-2\\htdocs\\more-home\\admin/themes/new-theme\" directory does not exist (\"C:\\xampp-8-2\\htdocs\\more-home\\admin/themes/new-theme\"). at C:\\xampp-8-2\\htdocs\\more-home\\vendor\\twig\\twig\\src\\Loader\\FilesystemLoader.php:99)"} []
[2026-07-18T20:55:18.744163-03:00] request.CRITICAL: Exception thrown when handling an exception (Twig\Error\LoaderError: Template "@PrestaShop/Admin/Error/error.html.twig" is not defined. at ChainLoader.php line 111) {"exception":"[object] (Twig\\Error\\LoaderError(code: 0): Template \"@PrestaShop/Admin/Error/error.html.twig\" is not defined. at C:\\xampp-8-2\\htdocs\\more-home\\vendor\\twig\\twig\\src\\Loader\\ChainLoader.php:111)"} []
[2026-07-18T20:55:18.780465-03:00] request.CRITICAL: Uncaught PHP Exception Twig\Error\LoaderError: "Template "@PrestaShop/Admin/Error/error.html.twig" is not defined." at ChainLoader.php line 111 {"exception":"[object] (Twig\\Error\\LoaderError(code: 0): Template \"@PrestaShop/Admin/Error/error.html.twig\" is not defined. at C:\\xampp-8-2\\htdocs\\more-home\\vendor\\twig\\twig\\src\\Loader\\ChainLoader.php:111)\n[previous exception] [object] (Twig\\Error\\LoaderError(code: 0): The \"C:\\xampp-8-2\\htdocs\\more-home\\admin/themes/new-theme\" directory does not exist (\"C:\\xampp-8-2\\htdocs\\more-home\\admin/themes/new-theme\"). at C:\\xampp-8-2\\htdocs\\more-home\\vendor\\twig\\twig\\src\\Loader\\FilesystemLoader.php:99)"} []
[2026-07-18T20:55:18.781836-03:00] request.CRITICAL: Exception thrown when handling an exception (Twig\Error\LoaderError: Template "@PrestaShop/Admin/Error/error.html.twig" is not defined. at ChainLoader.php line 111) {"exception":"[object] (Twig\\Error\\LoaderError(code: 0): Template \"@PrestaShop/Admin/Error/error.html.twig\" is not defined. at C:\\xampp-8-2\\htdocs\\more-home\\vendor\\twig\\twig\\src\\Loader\\ChainLoader.php:111)"} []
