[2026-07-19T01:27:49.582728+02:00] php.INFO: User Deprecated: Since symfony/validator 6.2: The "loose" mode is deprecated. It will be removed in 7.0 and the default mode will be changed to "html5". {"exception":"[object] (ErrorException(code: 0): User Deprecated: Since symfony/validator 6.2: The \"loose\" mode is deprecated. It will be removed in 7.0 and the default mode will be changed to \"html5\". at C:\\xampp-8-2\\htdocs\\more-home\\vendor\\symfony\\validator\\Constraints\\EmailValidator.php:48)"} []
[2026-07-19T01:31:03.673748+02:00] php.INFO: User Deprecated: Since symfony/validator 6.2: The "loose" mode is deprecated. It will be removed in 7.0 and the default mode will be changed to "html5". {"exception":"[object] (ErrorException(code: 0): User Deprecated: Since symfony/validator 6.2: The \"loose\" mode is deprecated. It will be removed in 7.0 and the default mode will be changed to \"html5\". at C:\\xampp-8-2\\htdocs\\more-home\\vendor\\symfony\\validator\\Constraints\\EmailValidator.php:48)"} []
[2026-07-19T01:31:07.240973+02:00] php.INFO: User Deprecated: Not configuring a schema manager factory is deprecated. Use Doctrine\DBAL\Schema\DefaultSchemaManagerFactory which is going to be the default in DBAL 4. (Connection.php:222 called by DriverManager.php:197, https://github.com/doctrine/dbal/issues/5812, package doctrine/dbal) {"exception":"[object] (ErrorException(code: 0): User Deprecated: Not configuring a schema manager factory is deprecated. Use Doctrine\\DBAL\\Schema\\DefaultSchemaManagerFactory which is going to be the default in DBAL 4. (Connection.php:222 called by DriverManager.php:197, https://github.com/doctrine/dbal/issues/5812, package doctrine/dbal) at C:\\xampp-8-2\\htdocs\\more-home\\vendor\\doctrine\\deprecations\\src\\Deprecation.php:208)"} []
[2026-07-19T01:31:07.253473+02:00] php.INFO: User Deprecated: Since symfony/doctrine-bridge 6.3: The "Symfony\Bridge\Doctrine\SchemaListener\MessengerTransportDoctrineSchemaSubscriber" class is deprecated. Use "Symfony\Bridge\Doctrine\SchemaListener\MessengerTransportDoctrineSchemaListener" instead. {"exception":"[object] (ErrorException(code: 0): User Deprecated: Since symfony/doctrine-bridge 6.3: The \"Symfony\\Bridge\\Doctrine\\SchemaListener\\MessengerTransportDoctrineSchemaSubscriber\" class is deprecated. Use \"Symfony\\Bridge\\Doctrine\\SchemaListener\\MessengerTransportDoctrineSchemaListener\" instead. at C:\\xampp-8-2\\htdocs\\more-home\\vendor\\symfony\\doctrine-bridge\\SchemaListener\\MessengerTransportDoctrineSchemaSubscriber.php:18)"} []
[2026-07-19T01:31:07.255813+02:00] php.INFO: User Deprecated: Since symfony/doctrine-bridge 6.3: Registering "Symfony\Bridge\Doctrine\SchemaListener\MessengerTransportDoctrineSchemaSubscriber" as a Doctrine subscriber is deprecated. Register it as a listener instead, using e.g. the #[AsDoctrineListener] or #[AsDocumentListener] attribute. {"exception":"[object] (ErrorException(code: 0): User Deprecated: Since symfony/doctrine-bridge 6.3: Registering \"Symfony\\Bridge\\Doctrine\\SchemaListener\\MessengerTransportDoctrineSchemaSubscriber\" as a Doctrine subscriber is deprecated. Register it as a listener instead, using e.g. the #[AsDoctrineListener] or #[AsDocumentListener] attribute. at C:\\xampp-8-2\\htdocs\\more-home\\vendor\\symfony\\doctrine-bridge\\ContainerAwareEventManager.php:211)"} []
[2026-07-19T01:31:07.257267+02:00] php.INFO: User Deprecated: Since symfony/doctrine-bridge 6.3: The "Symfony\Bridge\Doctrine\SchemaListener\DoctrineDbalCacheAdapterSchemaSubscriber" class is deprecated. Use "Symfony\Bridge\Doctrine\SchemaListener\DoctrineDbalCacheAdapterSchemaListener" instead. {"exception":"[object] (ErrorException(code: 0): User Deprecated: Since symfony/doctrine-bridge 6.3: The \"Symfony\\Bridge\\Doctrine\\SchemaListener\\DoctrineDbalCacheAdapterSchemaSubscriber\" class is deprecated. Use \"Symfony\\Bridge\\Doctrine\\SchemaListener\\DoctrineDbalCacheAdapterSchemaListener\" instead. at C:\\xampp-8-2\\htdocs\\more-home\\vendor\\symfony\\doctrine-bridge\\SchemaListener\\DoctrineDbalCacheAdapterSchemaSubscriber.php:17)"} []
[2026-07-19T01:31:07.257794+02:00] php.INFO: User Deprecated: Since symfony/doctrine-bridge 6.3: Registering "Symfony\Bridge\Doctrine\SchemaListener\DoctrineDbalCacheAdapterSchemaSubscriber" as a Doctrine subscriber is deprecated. Register it as a listener instead, using e.g. the #[AsDoctrineListener] or #[AsDocumentListener] attribute. {"exception":"[object] (ErrorException(code: 0): User Deprecated: Since symfony/doctrine-bridge 6.3: Registering \"Symfony\\Bridge\\Doctrine\\SchemaListener\\DoctrineDbalCacheAdapterSchemaSubscriber\" as a Doctrine subscriber is deprecated. Register it as a listener instead, using e.g. the #[AsDoctrineListener] or #[AsDocumentListener] attribute. at C:\\xampp-8-2\\htdocs\\more-home\\vendor\\symfony\\doctrine-bridge\\ContainerAwareEventManager.php:211)"} []
[2026-07-19T01:31:07.258753+02:00] php.INFO: User Deprecated: Since symfony/doctrine-bridge 6.3: The "Symfony\Bridge\Doctrine\SchemaListener\RememberMeTokenProviderDoctrineSchemaSubscriber" class is deprecated. Use "Symfony\Bridge\Doctrine\SchemaListener\RememberMeTokenProviderDoctrineSchemaListener" instead. {"exception":"[object] (ErrorException(code: 0): User Deprecated: Since symfony/doctrine-bridge 6.3: The \"Symfony\\Bridge\\Doctrine\\SchemaListener\\RememberMeTokenProviderDoctrineSchemaSubscriber\" class is deprecated. Use \"Symfony\\Bridge\\Doctrine\\SchemaListener\\RememberMeTokenProviderDoctrineSchemaListener\" instead. at C:\\xampp-8-2\\htdocs\\more-home\\vendor\\symfony\\doctrine-bridge\\SchemaListener\\RememberMeTokenProviderDoctrineSchemaSubscriber.php:18)"} []
[2026-07-19T01:31:07.259289+02:00] php.INFO: User Deprecated: Since symfony/doctrine-bridge 6.3: Registering "Symfony\Bridge\Doctrine\SchemaListener\RememberMeTokenProviderDoctrineSchemaSubscriber" as a Doctrine subscriber is deprecated. Register it as a listener instead, using e.g. the #[AsDoctrineListener] or #[AsDocumentListener] attribute. {"exception":"[object] (ErrorException(code: 0): User Deprecated: Since symfony/doctrine-bridge 6.3: Registering \"Symfony\\Bridge\\Doctrine\\SchemaListener\\RememberMeTokenProviderDoctrineSchemaSubscriber\" as a Doctrine subscriber is deprecated. Register it as a listener instead, using e.g. the #[AsDoctrineListener] or #[AsDocumentListener] attribute. at C:\\xampp-8-2\\htdocs\\more-home\\vendor\\symfony\\doctrine-bridge\\ContainerAwareEventManager.php:211)"} []
[2026-07-19T01:31:07.292792+02:00] php.INFO: User Deprecated: Since symfony/framework-bundle 6.4: The "annotations.cached_reader" service is deprecated without replacement. {"exception":"[object] (ErrorException(code: 0): User Deprecated: Since symfony/framework-bundle 6.4: The \"annotations.cached_reader\" service is deprecated without replacement. at C:\\xampp-8-2\\htdocs\\more-home\\var\\cache\\prod\\admin\\Container2bkx48V\\getAnnotations_CachedReaderService.php:23)"} []
[2026-07-19T01:31:07.294640+02:00] php.INFO: User Deprecated: Since symfony/framework-bundle 6.4: The "annotations.reader" service is deprecated without replacement. {"exception":"[object] (ErrorException(code: 0): User Deprecated: Since symfony/framework-bundle 6.4: The \"annotations.reader\" service is deprecated without replacement. at C:\\xampp-8-2\\htdocs\\more-home\\var\\cache\\prod\\admin\\Container2bkx48V\\getAnnotations_ReaderService.php:23)"} []
[2026-07-19T01:31:07.300667+02:00] php.INFO: User Deprecated: Since symfony/framework-bundle 6.4: The "annotations.cache_adapter" service is deprecated without replacement. {"exception":"[object] (ErrorException(code: 0): User Deprecated: Since symfony/framework-bundle 6.4: The \"annotations.cache_adapter\" service is deprecated without replacement. at C:\\xampp-8-2\\htdocs\\more-home\\var\\cache\\prod\\admin\\Container2bkx48V\\getAnnotations_CacheAdapterService.php:23)"} []
[2026-07-19T01:31:07.301476+02:00] php.INFO: User Deprecated: The annotation mapping driver is deprecated and will be removed in Doctrine ORM 3.0, please migrate to the attribute or XML driver. (AnnotationDriver.php:65 called by AdminKernelProdContainer.php:4710, https://github.com/doctrine/orm/issues/10098, package doctrine/orm) {"exception":"[object] (ErrorException(code: 0): User Deprecated: The annotation mapping driver is deprecated and will be removed in Doctrine ORM 3.0, please migrate to the attribute or XML driver. (AnnotationDriver.php:65 called by AdminKernelProdContainer.php:4710, https://github.com/doctrine/orm/issues/10098, package doctrine/orm) at C:\\xampp-8-2\\htdocs\\more-home\\vendor\\doctrine\\deprecations\\src\\Deprecation.php:208)"} []
[2026-07-19T01:31:07.301520+02:00] php.INFO: User Deprecated: In ORM 3.0, the AttributeDriver will report fields for the classes where they are declared. This may uncover invalid mapping configurations. To opt into the new mode also with the AnnotationDriver today, set the "reportFieldsWhereDeclared" constructor parameter to true. (AnnotationDriver.php:75 called by AdminKernelProdContainer.php:4710, https://github.com/doctrine/orm/pull/10455, package doctrine/orm) {"exception":"[object] (ErrorException(code: 0): User Deprecated: In ORM 3.0, the AttributeDriver will report fields for the classes where they are declared. This may uncover invalid mapping configurations. To opt into the new mode also with the AnnotationDriver today, set the \"reportFieldsWhereDeclared\" constructor parameter to true. (AnnotationDriver.php:75 called by AdminKernelProdContainer.php:4710, https://github.com/doctrine/orm/pull/10455, package doctrine/orm) at C:\\xampp-8-2\\htdocs\\more-home\\vendor\\doctrine\\deprecations\\src\\Deprecation.php:208)"} []
[2026-07-19T01:31:07.309324+02:00] php.INFO: User Deprecated: Doctrine\ORM\EntityManager::create() is deprecated. To bootstrap a DBAL connection, call Doctrine\DBAL\DriverManager::getConnection() instead. Use the constructor to create an instance of Doctrine\ORM\EntityManager. (EntityManager.php:995 called by AdminKernelProdContainer.php:2931, https://github.com/doctrine/orm/pull/9961, package doctrine/orm) {"exception":"[object] (ErrorException(code: 0): User Deprecated: Doctrine\\ORM\\EntityManager::create() is deprecated. To bootstrap a DBAL connection, call Doctrine\\DBAL\\DriverManager::getConnection() instead. Use the constructor to create an instance of Doctrine\\ORM\\EntityManager. (EntityManager.php:995 called by AdminKernelProdContainer.php:2931, https://github.com/doctrine/orm/pull/9961, package doctrine/orm) at C:\\xampp-8-2\\htdocs\\more-home\\vendor\\doctrine\\deprecations\\src\\Deprecation.php:208)"} []
[2026-07-19T01:31:07.309388+02:00] php.INFO: User Deprecated: Doctrine\DBAL\Connection::getEventManager is deprecated. (Connection.php:298 called by EntityManager.php:166, https://github.com/doctrine/dbal/issues/5784, package doctrine/dbal) {"exception":"[object] (ErrorException(code: 0): User Deprecated: Doctrine\\DBAL\\Connection::getEventManager is deprecated. (Connection.php:298 called by EntityManager.php:166, https://github.com/doctrine/dbal/issues/5784, package doctrine/dbal) at C:\\xampp-8-2\\htdocs\\more-home\\vendor\\doctrine\\deprecations\\src\\Deprecation.php:208)"} []
[2026-07-19T01:31:07.322785+02:00] php.INFO: User Deprecated: Not enabling lazy ghost objects is deprecated and will not be supported in Doctrine ORM 3.0. Ensure Doctrine\ORM\Configuration::setLazyGhostObjectEnabled(true) is called to enable them. (ProxyFactory.php:166 called by EntityManager.php:177, https://github.com/doctrine/orm/pull/10837/, package doctrine/orm) {"exception":"[object] (ErrorException(code: 0): User Deprecated: Not enabling lazy ghost objects is deprecated and will not be supported in Doctrine ORM 3.0. Ensure Doctrine\\ORM\\Configuration::setLazyGhostObjectEnabled(true) is called to enable them. (ProxyFactory.php:166 called by EntityManager.php:177, https://github.com/doctrine/orm/pull/10837/, package doctrine/orm) at C:\\xampp-8-2\\htdocs\\more-home\\vendor\\doctrine\\deprecations\\src\\Deprecation.php:208)"} []
[2026-07-18T20:31:20.466030-03:00] app.DEBUG: Protect vendor folder in module blockreassurance [] []
[2026-07-18T20:31:20.490735-03:00] app.DEBUG: Module blockreassurance has no vendor folder [] []
[2026-07-18T20:31:22.536359-03:00] app.DEBUG: Protect vendor folder in module blockwishlist [] []
[2026-07-18T20:31:22.536849-03:00] app.DEBUG: Module blockwishlist has no vendor folder [] []
[2026-07-18T20:31:23.430030-03:00] app.DEBUG: Protect vendor folder in module contactform [] []
[2026-07-18T20:31:23.430685-03:00] app.DEBUG: Module contactform has no vendor folder [] []
[2026-07-18T20:31:24.580355-03:00] app.DEBUG: Protect vendor folder in module dashactivity [] []
[2026-07-18T20:31:24.580923-03:00] app.DEBUG: Module dashactivity has no vendor folder [] []
[2026-07-18T20:31:26.189849-03:00] app.DEBUG: Protect vendor folder in module dashgoals [] []
[2026-07-18T20:31:26.190418-03:00] app.DEBUG: Module dashgoals has no vendor folder [] []
[2026-07-18T20:31:26.756156-03:00] app.DEBUG: Protect vendor folder in module dashproducts [] []
[2026-07-18T20:31:26.756831-03:00] app.DEBUG: Module dashproducts has no vendor folder [] []
[2026-07-18T20:31:27.588295-03:00] app.DEBUG: Protect vendor folder in module dashtrends [] []
[2026-07-18T20:31:27.589025-03:00] app.DEBUG: Module dashtrends has no vendor folder [] []
[2026-07-18T20:31:28.070694-03:00] app.DEBUG: Protect vendor folder in module graphnvd3 [] []
[2026-07-18T20:31:28.071587-03:00] app.DEBUG: Module graphnvd3 has no vendor folder [] []
[2026-07-18T20:31:28.824233-03:00] app.DEBUG: Protect vendor folder in module gridhtml [] []
[2026-07-18T20:31:28.825009-03:00] app.DEBUG: Module gridhtml has no vendor folder [] []
[2026-07-18T20:31:29.469592-03:00] app.DEBUG: Protect vendor folder in module gsitemap [] []
[2026-07-18T20:31:29.469888-03:00] app.DEBUG: Module gsitemap has no vendor folder [] []
[2026-07-18T20:31:31.870990-03:00] app.DEBUG: Protect vendor folder in module pagesnotfound [] []
[2026-07-18T20:31:31.871646-03:00] app.DEBUG: Module pagesnotfound has no vendor folder [] []
[2026-07-18T20:31:34.348004-03:00] app.DEBUG: Protect vendor folder in module productcomments [] []
[2026-07-18T20:31:34.348276-03:00] app.DEBUG: Module productcomments has no vendor folder [] []
[2026-07-19T01:31:34.857916+02:00] php.INFO: User Deprecated: Since symfony/validator 6.2: The "loose" mode is deprecated. It will be removed in 7.0 and the default mode will be changed to "html5". {"exception":"[object] (ErrorException(code: 0): User Deprecated: Since symfony/validator 6.2: The \"loose\" mode is deprecated. It will be removed in 7.0 and the default mode will be changed to \"html5\". at C:\\xampp-8-2\\htdocs\\more-home\\vendor\\symfony\\validator\\Constraints\\EmailValidator.php:48)"} []
[2026-07-19T01:31:34.914340+02:00] php.INFO: User Deprecated: Since symfony/validator 6.2: The "loose" mode is deprecated. It will be removed in 7.0 and the default mode will be changed to "html5". {"exception":"[object] (ErrorException(code: 0): User Deprecated: Since symfony/validator 6.2: The \"loose\" mode is deprecated. It will be removed in 7.0 and the default mode will be changed to \"html5\". at C:\\xampp-8-2\\htdocs\\more-home\\vendor\\symfony\\validator\\Constraints\\EmailValidator.php:48)"} []
[2026-07-18T20:31:34.932259-03:00] app.DEBUG: Protect vendor folder in module psgdpr [] []
[2026-07-18T20:31:34.932509-03:00] app.DEBUG: Module psgdpr has no vendor folder [] []
[2026-07-19T01:31:35.822015+02:00] php.INFO: Deprecated: Using ${var} in strings is deprecated, use {$var} instead {"exception":"[object] (ErrorException(code: 0): Deprecated: Using ${var} in strings is deprecated, use {$var} instead at C:\\xampp-8-2\\htdocs\\more-home\\modules\\psshipping\\vendor\\segmentio\\analytics-php\\lib\\Segment.php:112)"} []
[2026-07-19T01:31:36.041620+02:00] php.INFO: Deprecated: Using ${var} in strings is deprecated, use {$var} instead {"exception":"[object] (ErrorException(code: 0): Deprecated: Using ${var} in strings is deprecated, use {$var} instead at C:\\xampp-8-2\\htdocs\\more-home\\modules\\psshipping\\vendor\\segmentio\\analytics-php\\lib\\Segment\\Consumer\\ForkCurl.php:47)"} []
[2026-07-19T01:31:36.041691+02:00] php.INFO: Deprecated: Using ${var} in strings is deprecated, use {$var} instead {"exception":"[object] (ErrorException(code: 0): Deprecated: Using ${var} in strings is deprecated, use {$var} instead at C:\\xampp-8-2\\htdocs\\more-home\\modules\\psshipping\\vendor\\segmentio\\analytics-php\\lib\\Segment\\Consumer\\ForkCurl.php:82)"} []
[2026-07-19T01:31:36.041720+02:00] php.INFO: Deprecated: Using ${var} in strings is deprecated, use {$var} instead {"exception":"[object] (ErrorException(code: 0): Deprecated: Using ${var} in strings is deprecated, use {$var} instead at C:\\xampp-8-2\\htdocs\\more-home\\modules\\psshipping\\vendor\\segmentio\\analytics-php\\lib\\Segment\\Consumer\\ForkCurl.php:82)"} []
[2026-07-19T01:31:36.081098+02:00] php.INFO: Deprecated: Using ${var} in strings is deprecated, use {$var} instead {"exception":"[object] (ErrorException(code: 0): Deprecated: Using ${var} in strings is deprecated, use {$var} instead at C:\\xampp-8-2\\htdocs\\more-home\\modules\\psshipping\\vendor\\segmentio\\analytics-php\\lib\\Segment\\Consumer\\LibCurl.php:72)"} []
[2026-07-19T01:31:36.081147+02:00] php.INFO: Deprecated: Using ${var} in strings is deprecated, use {$var} instead {"exception":"[object] (ErrorException(code: 0): Deprecated: Using ${var} in strings is deprecated, use {$var} instead at C:\\xampp-8-2\\htdocs\\more-home\\modules\\psshipping\\vendor\\segmentio\\analytics-php\\lib\\Segment\\Consumer\\LibCurl.php:72)"} []
[2026-07-19T01:31:36.121592+02:00] php.INFO: Deprecated: Using ${var} in strings is deprecated, use {$var} instead {"exception":"[object] (ErrorException(code: 0): Deprecated: Using ${var} in strings is deprecated, use {$var} instead at C:\\xampp-8-2\\htdocs\\more-home\\modules\\psshipping\\vendor\\segmentio\\analytics-php\\lib\\Segment\\Consumer\\Socket.php:182)"} []
[2026-07-19T01:31:36.121635+02:00] php.INFO: Deprecated: Using ${var} in strings is deprecated, use {$var} instead {"exception":"[object] (ErrorException(code: 0): Deprecated: Using ${var} in strings is deprecated, use {$var} instead at C:\\xampp-8-2\\htdocs\\more-home\\modules\\psshipping\\vendor\\segmentio\\analytics-php\\lib\\Segment\\Consumer\\Socket.php:182)"} []
[2026-07-19T01:31:38.676517+02:00] php.INFO: User Deprecated: Since PrestaShop\PrestaShop 9: The "prestashop.adapter.cache.clearer.symfony_cache_clearer" service alias is deprecated. You should stop using it, as it will be removed in the future. {"exception":"[object] (ErrorException(code: 0): User Deprecated: Since PrestaShop\\PrestaShop 9: The \"prestashop.adapter.cache.clearer.symfony_cache_clearer\" service alias is deprecated. You should stop using it, as it will be removed in the future. at C:\\xampp-8-2\\htdocs\\more-home\\var\\cache\\prod\\admin\\Container2bkx48V\\AdminKernelProdContainer.php:5897)"} []
[2026-07-18T20:31:38.843331-03:00] app.DEBUG: Protect vendor folder in module psshipping [] []
[2026-07-18T20:31:38.971668-03:00] app.ERROR: Cannot register tab "PsshippingCarrierController" because it already exists [] []
[2026-07-18T20:31:38.982403-03:00] app.ERROR: Cannot register tab "PsshippingCarrierController" because it already exists [] []
[2026-07-18T20:31:38.994848-03:00] app.ERROR: Cannot register tab "PsshippingCarrierController" because it already exists [] []
[2026-07-18T20:31:39.046596-03:00] app.ERROR: Cannot register tab "PsshippingConfigurationController" because it already exists [] []
[2026-07-18T20:31:39.141666-03:00] app.ERROR: Cannot register tab "PsshippingOrdersController" because it already exists [] []
[2026-07-18T20:31:39.149587-03:00] app.ERROR: Cannot register tab "PsshippingOrdersController" because it already exists [] []
[2026-07-18T20:31:39.157672-03:00] app.ERROR: Cannot register tab "PsshippingOrdersController" because it already exists [] []
[2026-07-18T20:31:39.165038-03:00] app.ERROR: Cannot register tab "PsshippingConfigurationController" because it already exists [] []
[2026-07-18T20:31:39.172749-03:00] app.ERROR: Cannot register tab "PsshippingConfigurationController" because it already exists [] []
[2026-07-18T20:31:39.180358-03:00] app.ERROR: Cannot register tab "PsshippingConfigurationController" because it already exists [] []
[2026-07-18T20:31:39.189324-03:00] app.ERROR: Cannot register tab "PsshippingConfigurationController" because it already exists [] []
[2026-07-18T20:31:39.197034-03:00] app.ERROR: Cannot register tab "PsshippingConfigurationController" because it already exists [] []
[2026-07-18T20:31:39.205192-03:00] app.ERROR: Cannot register tab "PsshippingConfigurationController" because it already exists [] []
[2026-07-18T20:31:39.212357-03:00] app.ERROR: Cannot register tab "PsshippingConfigurationController" because it already exists [] []
[2026-07-18T20:31:39.220601-03:00] app.ERROR: Cannot register tab "PsshippingKeycloakAuthController" because it already exists [] []
[2026-07-19T01:31:41.681654+02:00] php.INFO: Deprecated: Creation of dynamic property Raven_TransactionStack::$stack is deprecated {"exception":"[object] (ErrorException(code: 0): Deprecated: Creation of dynamic property Raven_TransactionStack::$stack is deprecated at C:\\xampp-8-2\\htdocs\\more-home\\modules\\psshipping\\vendor\\sentry\\sentry\\lib\\Raven\\TransactionStack.php:15)"} []
[2026-07-18T20:31:42.889580-03:00] app.DEBUG: Protect vendor folder in module psxmarketingwithgoogle [] []
[2026-07-18T20:31:47.934219-03:00] app.DEBUG: Protect vendor folder in module ps_accounts [] []
[2026-07-18T20:31:48.410531-03:00] app.DEBUG: Protect vendor folder in module ps_apiresources [] []
[2026-07-18T20:31:48.410944-03:00] app.DEBUG: Module ps_apiresources has no vendor folder [] []
[2026-07-19T01:31:48.584091+02:00] php.INFO: User Deprecated: ModuleCore::disableDevice is deprecated since version 9.0.0. There is no replacement. {"exception":"[object] (ErrorException(code: 0): User Deprecated: ModuleCore::disableDevice is deprecated since version 9.0.0. There is no replacement. at C:\\xampp-8-2\\htdocs\\more-home\\classes\\module\\Module.php:1103)"} []
[2026-07-18T20:31:48.584233-03:00] app.DEBUG: Protect vendor folder in module ps_banner [] []
[2026-07-18T20:31:48.584503-03:00] app.DEBUG: Module ps_banner has no vendor folder [] []
[2026-07-18T20:31:48.958047-03:00] app.DEBUG: Protect vendor folder in module ps_bestsellers [] []
[2026-07-18T20:31:48.958421-03:00] app.DEBUG: Module ps_bestsellers has no vendor folder [] []
[2026-07-18T20:31:49.156699-03:00] app.DEBUG: Protect vendor folder in module ps_brandlist [] []
[2026-07-18T20:31:49.157192-03:00] app.DEBUG: Module ps_brandlist has no vendor folder [] []
[2026-07-18T20:31:49.410953-03:00] app.DEBUG: Protect vendor folder in module ps_cashondelivery [] []
[2026-07-18T20:31:49.411793-03:00] app.DEBUG: Module ps_cashondelivery has no vendor folder [] []
[2026-07-18T20:31:49.581570-03:00] app.DEBUG: Protect vendor folder in module ps_categoryproducts [] []
[2026-07-18T20:31:49.581894-03:00] app.DEBUG: Module ps_categoryproducts has no vendor folder [] []
[2026-07-18T20:31:49.723763-03:00] app.DEBUG: Protect vendor folder in module ps_categorytree [] []
[2026-07-18T20:31:49.724155-03:00] app.DEBUG: Module ps_categorytree has no vendor folder [] []
[2026-07-19T01:31:58.310216+02:00] php.INFO: User Deprecated: Since PrestaShop\PrestaShop 9: The "prestashop.adapter.cache.clearer.symfony_cache_clearer" service alias is deprecated. You should stop using it, as it will be removed in the future. {"exception":"[object] (ErrorException(code: 0): User Deprecated: Since PrestaShop\\PrestaShop 9: The \"prestashop.adapter.cache.clearer.symfony_cache_clearer\" service alias is deprecated. You should stop using it, as it will be removed in the future. at C:\\xampp-8-2\\htdocs\\more-home\\var\\cache\\prod\\admin\\Container2bkx48V\\AdminKernelProdContainer.php:5897)"} []
[2026-07-18T20:31:58.845554-03:00] app.DEBUG: Protect vendor folder in module ps_checkout [] []
[2026-07-18T20:31:59.169713-03:00] app.DEBUG: Protect vendor folder in module ps_checkpayment [] []
[2026-07-18T20:31:59.170158-03:00] app.DEBUG: Module ps_checkpayment has no vendor folder [] []
[2026-07-19T01:31:59.621850+02:00] php.INFO: User Deprecated: Since PrestaShop\PrestaShop 9: The "prestashop.adapter.cache.clearer.symfony_cache_clearer" service alias is deprecated. You should stop using it, as it will be removed in the future. {"exception":"[object] (ErrorException(code: 0): User Deprecated: Since PrestaShop\\PrestaShop 9: The \"prestashop.adapter.cache.clearer.symfony_cache_clearer\" service alias is deprecated. You should stop using it, as it will be removed in the future. at C:\\xampp-8-2\\htdocs\\more-home\\var\\cache\\prod\\admin\\Container2bkx48V\\AdminKernelProdContainer.php:5897)"} []
[2026-07-18T20:31:59.774177-03:00] app.DEBUG: Protect vendor folder in module ps_classic_edition [] []
[2026-07-18T20:31:59.979818-03:00] app.DEBUG: Protect vendor folder in module ps_contactinfo [] []
[2026-07-18T20:31:59.980144-03:00] app.DEBUG: Module ps_contactinfo has no vendor folder [] []
[2026-07-18T20:32:00.316149-03:00] app.DEBUG: Protect vendor folder in module ps_crossselling [] []
[2026-07-18T20:32:00.316469-03:00] app.DEBUG: Module ps_crossselling has no vendor folder [] []
[2026-07-18T20:32:00.502546-03:00] app.DEBUG: Protect vendor folder in module ps_currencyselector [] []
[2026-07-18T20:32:00.502875-03:00] app.DEBUG: Module ps_currencyselector has no vendor folder [] []
[2026-07-18T20:32:00.647531-03:00] app.DEBUG: Protect vendor folder in module ps_customeraccountlinks [] []
[2026-07-18T20:32:00.647880-03:00] app.DEBUG: Module ps_customeraccountlinks has no vendor folder [] []
[2026-07-18T20:32:00.772863-03:00] app.DEBUG: Protect vendor folder in module ps_customersignin [] []
[2026-07-18T20:32:00.773187-03:00] app.DEBUG: Module ps_customersignin has no vendor folder [] []
[2026-07-18T20:32:00.999852-03:00] app.DEBUG: Protect vendor folder in module ps_customtext [] []
[2026-07-18T20:32:01.000285-03:00] app.DEBUG: Module ps_customtext has no vendor folder [] []
[2026-07-18T20:32:01.175445-03:00] app.DEBUG: Protect vendor folder in module ps_dataprivacy [] []
[2026-07-18T20:32:01.175915-03:00] app.DEBUG: Module ps_dataprivacy has no vendor folder [] []
[2026-07-18T20:32:01.419980-03:00] app.DEBUG: Protect vendor folder in module ps_distributionapiclient [] []
[2026-07-18T20:32:01.420320-03:00] app.DEBUG: Module ps_distributionapiclient has no vendor folder [] []
[2026-07-18T20:32:01.793660-03:00] app.DEBUG: Protect vendor folder in module ps_emailalerts [] []
[2026-07-18T20:32:01.794137-03:00] app.DEBUG: Module ps_emailalerts has no vendor folder [] []
[2026-07-18T20:32:02.268421-03:00] app.DEBUG: Protect vendor folder in module ps_emailsubscription [] []
[2026-07-18T20:32:02.268806-03:00] app.DEBUG: Module ps_emailsubscription has no vendor folder [] []
[2026-07-18T20:32:03.948565-03:00] app.DEBUG: Protect vendor folder in module ps_eventbus [] []
[2026-07-19T01:32:06.408860+02:00] php.INFO: Deprecated: Creation of dynamic property Raven_TransactionStack::$stack is deprecated {"exception":"[object] (ErrorException(code: 0): Deprecated: Creation of dynamic property Raven_TransactionStack::$stack is deprecated at C:\\xampp-8-2\\htdocs\\more-home\\modules\\psshipping\\vendor\\sentry\\sentry\\lib\\Raven\\TransactionStack.php:15)"} []
[2026-07-18T20:32:06.595403-03:00] app.DEBUG: Protect vendor folder in module ps_facebook [] []
[2026-07-18T20:32:08.101653-03:00] app.DEBUG: Protect vendor folder in module ps_facetedsearch [] []
[2026-07-18T20:32:08.101982-03:00] app.DEBUG: Module ps_facetedsearch has no vendor folder [] []
[2026-07-18T20:32:08.311719-03:00] app.DEBUG: Protect vendor folder in module ps_faviconnotificationbo [] []
[2026-07-18T20:32:08.312068-03:00] app.DEBUG: Module ps_faviconnotificationbo has no vendor folder [] []
[2026-07-18T20:32:08.507610-03:00] app.DEBUG: Protect vendor folder in module ps_featuredproducts [] []
[2026-07-18T20:32:08.508177-03:00] app.DEBUG: Module ps_featuredproducts has no vendor folder [] []
[2026-07-18T20:32:08.767004-03:00] app.DEBUG: Protect vendor folder in module ps_googleanalytics [] []
[2026-07-18T20:32:08.767492-03:00] app.DEBUG: Module ps_googleanalytics has no vendor folder [] []
[2026-07-18T20:32:09.177066-03:00] app.DEBUG: Protect vendor folder in module ps_imageslider [] []
[2026-07-18T20:32:09.177498-03:00] app.DEBUG: Module ps_imageslider has no vendor folder [] []
[2026-07-18T20:32:09.378903-03:00] app.DEBUG: Protect vendor folder in module ps_languageselector [] []
[2026-07-18T20:32:09.379225-03:00] app.DEBUG: Module ps_languageselector has no vendor folder [] []
[2026-07-18T20:32:09.877420-03:00] app.DEBUG: Protect vendor folder in module ps_linklist [] []
[2026-07-18T20:32:09.877778-03:00] app.DEBUG: Module ps_linklist has no vendor folder [] []
[2026-07-18T20:32:10.472352-03:00] app.DEBUG: Protect vendor folder in module ps_mainmenu [] []
[2026-07-18T20:32:10.472764-03:00] app.DEBUG: Module ps_mainmenu has no vendor folder [] []
[2026-07-19T01:32:11.653726+02:00] php.INFO: User Deprecated: Since PrestaShop\PrestaShop 9: The "prestashop.adapter.cache.clearer.symfony_cache_clearer" service alias is deprecated. You should stop using it, as it will be removed in the future. {"exception":"[object] (ErrorException(code: 0): User Deprecated: Since PrestaShop\\PrestaShop 9: The \"prestashop.adapter.cache.clearer.symfony_cache_clearer\" service alias is deprecated. You should stop using it, as it will be removed in the future. at C:\\xampp-8-2\\htdocs\\more-home\\var\\cache\\prod\\admin\\Container2bkx48V\\AdminKernelProdContainer.php:5897)"} []
[2026-07-18T20:32:11.995763-03:00] app.DEBUG: Protect vendor folder in module ps_mbo [] []
[2026-07-18T20:32:12.206443-03:00] app.DEBUG: Protect vendor folder in module ps_newproducts [] []
[2026-07-18T20:32:12.206857-03:00] app.DEBUG: Module ps_newproducts has no vendor folder [] []
[2026-07-18T20:32:12.360088-03:00] app.DEBUG: Protect vendor folder in module ps_searchbar [] []
[2026-07-18T20:32:12.360455-03:00] app.DEBUG: Module ps_searchbar has no vendor folder [] []
[2026-07-18T20:32:12.517464-03:00] app.DEBUG: Protect vendor folder in module ps_sharebuttons [] []
[2026-07-18T20:32:12.517801-03:00] app.DEBUG: Module ps_sharebuttons has no vendor folder [] []
[2026-07-18T20:32:12.694459-03:00] app.DEBUG: Protect vendor folder in module ps_shoppingcart [] []
[2026-07-18T20:32:12.694793-03:00] app.DEBUG: Module ps_shoppingcart has no vendor folder [] []
[2026-07-18T20:32:12.895141-03:00] app.DEBUG: Protect vendor folder in module ps_socialfollow [] []
[2026-07-18T20:32:12.895468-03:00] app.DEBUG: Module ps_socialfollow has no vendor folder [] []
[2026-07-18T20:32:13.081630-03:00] app.DEBUG: Protect vendor folder in module ps_specials [] []
[2026-07-18T20:32:13.082043-03:00] app.DEBUG: Module ps_specials has no vendor folder [] []
[2026-07-18T20:32:13.235839-03:00] app.DEBUG: Protect vendor folder in module ps_supplierlist [] []
[2026-07-18T20:32:13.236155-03:00] app.DEBUG: Module ps_supplierlist has no vendor folder [] []
[2026-07-18T20:32:13.495568-03:00] app.DEBUG: Protect vendor folder in module ps_themecusto [] []
[2026-07-18T20:32:13.495892-03:00] app.DEBUG: Module ps_themecusto has no vendor folder [] []
[2026-07-18T20:32:13.659728-03:00] app.DEBUG: Protect vendor folder in module ps_viewedproduct [] []
[2026-07-18T20:32:13.660065-03:00] app.DEBUG: Module ps_viewedproduct has no vendor folder [] []
[2026-07-18T20:32:13.881940-03:00] app.DEBUG: Protect vendor folder in module ps_wirepayment [] []
[2026-07-18T20:32:13.882512-03:00] app.DEBUG: Module ps_wirepayment has no vendor folder [] []
[2026-07-18T20:32:14.040178-03:00] app.DEBUG: Protect vendor folder in module statsbestcategories [] []
[2026-07-18T20:32:14.040663-03:00] app.DEBUG: Module statsbestcategories has no vendor folder [] []
[2026-07-18T20:32:14.195748-03:00] app.DEBUG: Protect vendor folder in module statsbestcustomers [] []
[2026-07-18T20:32:14.196078-03:00] app.DEBUG: Module statsbestcustomers has no vendor folder [] []
[2026-07-18T20:32:14.329851-03:00] app.DEBUG: Protect vendor folder in module statsbestmanufacturers [] []
[2026-07-18T20:32:14.330164-03:00] app.DEBUG: Module statsbestmanufacturers has no vendor folder [] []
[2026-07-18T20:32:14.480018-03:00] app.DEBUG: Protect vendor folder in module statsbestproducts [] []
[2026-07-18T20:32:14.480330-03:00] app.DEBUG: Module statsbestproducts has no vendor folder [] []
[2026-07-18T20:32:14.618646-03:00] app.DEBUG: Protect vendor folder in module statsbestsuppliers [] []
[2026-07-18T20:32:14.618981-03:00] app.DEBUG: Module statsbestsuppliers has no vendor folder [] []
[2026-07-18T20:32:14.757034-03:00] app.DEBUG: Protect vendor folder in module statsbestvouchers [] []
[2026-07-18T20:32:14.757547-03:00] app.DEBUG: Module statsbestvouchers has no vendor folder [] []
[2026-07-18T20:32:14.917916-03:00] app.DEBUG: Protect vendor folder in module statscarrier [] []
[2026-07-18T20:32:14.918327-03:00] app.DEBUG: Module statscarrier has no vendor folder [] []
[2026-07-18T20:32:15.075242-03:00] app.DEBUG: Protect vendor folder in module statscatalog [] []
[2026-07-18T20:32:15.075641-03:00] app.DEBUG: Module statscatalog has no vendor folder [] []
[2026-07-18T20:32:15.250443-03:00] app.DEBUG: Protect vendor folder in module statscheckup [] []
[2026-07-18T20:32:15.250755-03:00] app.DEBUG: Module statscheckup has no vendor folder [] []
[2026-07-18T20:32:15.436792-03:00] app.DEBUG: Protect vendor folder in module statsdata [] []
[2026-07-18T20:32:15.437210-03:00] app.DEBUG: Module statsdata has no vendor folder [] []
[2026-07-18T20:32:15.665131-03:00] app.DEBUG: Protect vendor folder in module statsforecast [] []
[2026-07-18T20:32:15.665449-03:00] app.DEBUG: Module statsforecast has no vendor folder [] []
[2026-07-18T20:32:15.815945-03:00] app.DEBUG: Protect vendor folder in module statsnewsletter [] []
[2026-07-18T20:32:15.816361-03:00] app.DEBUG: Module statsnewsletter has no vendor folder [] []
[2026-07-18T20:32:15.968561-03:00] app.DEBUG: Protect vendor folder in module statspersonalinfos [] []
[2026-07-18T20:32:15.968893-03:00] app.DEBUG: Module statspersonalinfos has no vendor folder [] []
[2026-07-18T20:32:16.164343-03:00] app.DEBUG: Protect vendor folder in module statsproduct [] []
[2026-07-18T20:32:16.164663-03:00] app.DEBUG: Module statsproduct has no vendor folder [] []
[2026-07-18T20:32:16.302516-03:00] app.DEBUG: Protect vendor folder in module statsregistrations [] []
[2026-07-18T20:32:16.302834-03:00] app.DEBUG: Module statsregistrations has no vendor folder [] []
[2026-07-18T20:32:16.478917-03:00] app.DEBUG: Protect vendor folder in module statssales [] []
[2026-07-18T20:32:16.479285-03:00] app.DEBUG: Module statssales has no vendor folder [] []
[2026-07-18T20:32:16.678775-03:00] app.DEBUG: Protect vendor folder in module statssearch [] []
[2026-07-18T20:32:16.679233-03:00] app.DEBUG: Module statssearch has no vendor folder [] []
[2026-07-18T20:32:16.833274-03:00] app.DEBUG: Protect vendor folder in module statsstock [] []
[2026-07-18T20:32:16.833720-03:00] app.DEBUG: Module statsstock has no vendor folder [] []
[2026-07-18T20:32:18.192273-03:00] app.ERROR: ExecKernelCacheClearer: Could not clear cache for admin env prod result: 255 output: array (   0 => 'PHP Fatal error:  Uncaught RuntimeException: Composer detected issues in your platform: Your Composer dependencies require a PHP version ">= 8.1.0". You are running 8.0.30. in C:\\xampp-8-2\\htdocs\\more-home\\vendor\\composer\\platform_check.php:26',   1 => 'Stack trace:',   2 => '#0 C:\\xampp-8-2\\htdocs\\more-home\\vendor\\composer\\autoload_real.php(25): require()',   3 => '#1 C:\\xampp-8-2\\htdocs\\more-home\\vendor\\autoload.php(22): ComposerAutoloaderInit89bfcfe19a11e7b004d81ec69cd203ae::getLoader()',   4 => '#2 C:\\xampp-8-2\\htdocs\\more-home\\config\\autoload.php(10): require_once(\'C:\\\\xampp-8-2\\\\ht...\')',   5 => '#3 C:\\xampp-8-2\\htdocs\\more-home\\autoload.php(12): require_once(\'C:\\\\xampp-8-2\\\\ht...\')',   6 => '#4 C:\\xampp-8-2\\htdocs\\more-home\\bin\\console(18): require_once(\'C:\\\\xampp-8-2\\\\ht...\')',   7 => '#5 {main}',   8 => '  thrown in C:\\xampp-8-2\\htdocs\\more-home\\vendor\\composer\\platform_check.php on line 26', ) [] []
[2026-07-19T01:32:28.802185+02:00] php.INFO: User Deprecated: Since symfony/http-kernel 6.3: Parameter "container.dumper.inline_class_loader" is deprecated, use ".container.dumper.inline_class_loader" instead. {"exception":"[object] (ErrorException(code: 0): User Deprecated: Since symfony/http-kernel 6.3: Parameter \"container.dumper.inline_class_loader\" is deprecated, use \".container.dumper.inline_class_loader\" instead. at C:\\xampp-8-2\\htdocs\\more-home\\vendor\\symfony\\http-kernel\\Kernel.php:717)"} []
[2026-07-18T20:33:17.398922-03:00] app.INFO: ApplicationKernelCacheClearer: Successfully cleared cache for admin env prod debug on [] []
[2026-07-18T20:33:21.238543-03:00] app.INFO: ApplicationKernelCacheClearer: Successfully cleared cache for admin env prod debug off [] []
[2026-07-19T01:33:21.260919+02:00] php.WARNING: Warning: require(C:\xampp-8-2\htdocs\more-home\var\cache\prod\admin\ContainerRVZ7cBB\get_Console_Command_CacheWarmup_LazyService.php): Failed to open stream: No such file or directory {"exception":"[object] (ErrorException(code: 0): Warning: require(C:\\xampp-8-2\\htdocs\\more-home\\var\\cache\\prod\\admin\\ContainerRVZ7cBB\\get_Console_Command_CacheWarmup_LazyService.php): Failed to open stream: No such file or directory at C:\\xampp-8-2\\htdocs\\more-home\\var\\cache\\prod\\admin\\ContainerRVZ7cBB\\AdminKernelProdDebugContainer.php:2269)"} []
[2026-07-19T01:33:21.271329+02:00] php.WARNING: Warning: require(C:\xampp-8-2\htdocs\more-home\var\cache\prod\admin\ContainerRVZ7cBB\getConsole_ErrorListenerService.php): Failed to open stream: No such file or directory {"exception":"[object] (ErrorException(code: 0): Warning: require(C:\\xampp-8-2\\htdocs\\more-home\\var\\cache\\prod\\admin\\ContainerRVZ7cBB\\getConsole_ErrorListenerService.php): Failed to open stream: No such file or directory at C:\\xampp-8-2\\htdocs\\more-home\\var\\cache\\prod\\admin\\ContainerRVZ7cBB\\AdminKernelProdDebugContainer.php:2269)"} []
[2026-07-18T20:33:21.271447-03:00] app.ERROR: SymfonyCacheClearer: Error while clearing cache for admin env prod using PrestaShop\PrestaShop\Adapter\Cache\Clearer\Symfony\ApplicationKernelCacheClearer: Failed opening required 'C:\xampp-8-2\htdocs\more-home\var\cache\prod\admin\ContainerRVZ7cBB\getConsole_ErrorListenerService.php' (include_path='C:\xampp-8-2\php\PEAR') [] []
[2026-07-18T20:33:21.274483-03:00] app.DEBUG: FilesystemKernelCacheClearer: Trying manual removal on trial 1/5 of cache folder C:\xampp-8-2\htdocs\more-home/var/cache/prod/admin [] []
[2026-07-18T20:33:23.070546-03:00] app.INFO: FilesystemKernelCacheClearer: Cache folder C:\xampp-8-2\htdocs\more-home/var/cache/prod/admin successfully cleared manually [] []
[2026-07-18T20:33:23.073966-03:00] app.DEBUG: SymfonyCacheClearer: No symfony cache to clear for admin-api env prod [] []
[2026-07-18T20:33:23.074230-03:00] app.DEBUG: SymfonyCacheClearer: No symfony cache to clear for front env prod [] []
[2026-07-18T20:33:23.079539-03:00] app.DEBUG: SymfonyCacheClearer: No symfony cache to clear for admin env dev [] []
[2026-07-18T20:33:23.079764-03:00] app.DEBUG: SymfonyCacheClearer: No symfony cache to clear for admin-api env dev [] []
[2026-07-18T20:33:23.079932-03:00] app.DEBUG: SymfonyCacheClearer: No symfony cache to clear for front env dev [] []
[2026-07-19T19:17:13.693035-03:00] php.INFO: User Deprecated: Since symfony/routing 6.4: Passing an instance of "Doctrine\Common\Annotations\Reader" as first and the environment as second argument to "Symfony\Component\Routing\Loader\AttributeClassLoader::__construct" is deprecated. Pass the environment as first argument instead. {"exception":"[object] (ErrorException(code: 0): User Deprecated: Since symfony/routing 6.4: Passing an instance of \"Doctrine\\Common\\Annotations\\Reader\" as first and the environment as second argument to \"Symfony\\Component\\Routing\\Loader\\AttributeClassLoader::__construct\" is deprecated. Pass the environment as first argument instead. at C:\\xampp-8-2\\htdocs\\more-home\\vendor\\symfony\\routing\\Loader\\AttributeClassLoader.php:86)"} []
[2026-07-19T19:17:13.704112-03:00] php.INFO: User Deprecated: Since symfony/serializer 6.4: Passing a "Doctrine\Common\Annotations\PsrCachedReader" instance as argument 1 to "Symfony\Component\Serializer\Mapping\Loader\AttributeLoader::__construct()" is deprecated, pass null or omit the parameter instead. {"exception":"[object] (ErrorException(code: 0): User Deprecated: Since symfony/serializer 6.4: Passing a \"Doctrine\\Common\\Annotations\\PsrCachedReader\" instance as argument 1 to \"Symfony\\Component\\Serializer\\Mapping\\Loader\\AttributeLoader::__construct()\" is deprecated, pass null or omit the parameter instead. at C:\\xampp-8-2\\htdocs\\more-home\\vendor\\symfony\\serializer\\Mapping\\Loader\\AttributeLoader.php:53)"} []
[2026-07-19T19:17:16.291894-03:00] request.INFO: Matched route "admin_module_manage". {"route":"admin_module_manage","route_parameters":{"_route":"admin_module_manage","category":null,"keyword":null,"_controller":"PrestaShopBundle\\Controller\\Admin\\Improve\\ModuleController::manageAction","_legacy_controller":"AdminModulesManage","_legacy_link":["AdminModulesManage","AdminModulesSf"]},"request_uri":"http://localhost:8080/more-home/admin801vwctefof35ais5ve/improve/modules/manage?_token=f56fba8b93575c3391cbf39dfa.GTpzZt25Z8d8-6OPf9mUl-IVaI70nGyf3oaD-E7aSEE.dgIeJInKV743lc_mGb3trpdaHvml_Vysp-rKnTyjABlda0A_7c09vx65xA","method":"GET"} []
[2026-07-19T19:17:16.293723-03:00] php.INFO: User Deprecated: Since api-platform/symfony 4.1: The "api_platform.validator.query_parameter_validator" service is deprecated use "\ApiPlatform\Metadata\Parameter::$constraints" instead. {"exception":"[object] (ErrorException(code: 0): User Deprecated: Since api-platform/symfony 4.1: The \"api_platform.validator.query_parameter_validator\" service is deprecated use \"\\ApiPlatform\\Metadata\\Parameter::$constraints\" instead. at C:\\xampp-8-2\\htdocs\\more-home\\var\\cache\\prod\\admin\\Container4l75Fxg\\getApiPlatform_Validator_QueryParameterValidatorService.php:23)"} []
[2026-07-19T19:17:16.293762-03:00] php.INFO: User Deprecated: Since api-platform/core 3.4: The class "ApiPlatform\ParameterValidator\ParameterValidator" is deprecated, use "\ApiPlatform\Metadata\Parameter::$constraints" instead. {"exception":"[object] (ErrorException(code: 0): User Deprecated: Since api-platform/core 3.4: The class \"ApiPlatform\\ParameterValidator\\ParameterValidator\" is deprecated, use \"\\ApiPlatform\\Metadata\\Parameter::$constraints\" instead. at C:\\xampp-8-2\\htdocs\\more-home\\vendor\\api-platform\\core\\src\\ParameterValidator\\ParameterValidator.php:41)"} []
[2026-07-19T19:17:16.295114-03:00] php.INFO: User Deprecated: Since api-platform/core 3.4: The class "ApiPlatform\ParameterValidator\Validator\ArrayItems" is deprecated, use "\ApiPlatform\Metadata\Parameter::$constraints" instead. {"exception":"[object] (ErrorException(code: 0): User Deprecated: Since api-platform/core 3.4: The class \"ApiPlatform\\ParameterValidator\\Validator\\ArrayItems\" is deprecated, use \"\\ApiPlatform\\Metadata\\Parameter::$constraints\" instead. at C:\\xampp-8-2\\htdocs\\more-home\\vendor\\api-platform\\core\\src\\ParameterValidator\\Validator\\ArrayItems.php:25)"} []
[2026-07-19T19:17:16.295595-03:00] php.INFO: User Deprecated: Since api-platform/core 3.4: The class "ApiPlatform\ParameterValidator\Validator\Bounds" is deprecated, use "\ApiPlatform\Metadata\Parameter::$constraints" instead. {"exception":"[object] (ErrorException(code: 0): User Deprecated: Since api-platform/core 3.4: The class \"ApiPlatform\\ParameterValidator\\Validator\\Bounds\" is deprecated, use \"\\ApiPlatform\\Metadata\\Parameter::$constraints\" instead. at C:\\xampp-8-2\\htdocs\\more-home\\vendor\\api-platform\\core\\src\\ParameterValidator\\Validator\\Bounds.php:25)"} []
[2026-07-19T19:17:16.295991-03:00] php.INFO: User Deprecated: Since api-platform/core 3.4: The class "ApiPlatform\ParameterValidator\Validator\Enum" is deprecated, use "\ApiPlatform\Metadata\Parameter::$constraints" instead. {"exception":"[object] (ErrorException(code: 0): User Deprecated: Since api-platform/core 3.4: The class \"ApiPlatform\\ParameterValidator\\Validator\\Enum\" is deprecated, use \"\\ApiPlatform\\Metadata\\Parameter::$constraints\" instead. at C:\\xampp-8-2\\htdocs\\more-home\\vendor\\api-platform\\core\\src\\ParameterValidator\\Validator\\Enum.php:25)"} []
[2026-07-19T19:17:16.296440-03:00] php.INFO: User Deprecated: Since api-platform/core 3.4: The class "ApiPlatform\ParameterValidator\Validator\Length" is deprecated, use "\ApiPlatform\Metadata\Parameter::$constraints" instead. {"exception":"[object] (ErrorException(code: 0): User Deprecated: Since api-platform/core 3.4: The class \"ApiPlatform\\ParameterValidator\\Validator\\Length\" is deprecated, use \"\\ApiPlatform\\Metadata\\Parameter::$constraints\" instead. at C:\\xampp-8-2\\htdocs\\more-home\\vendor\\api-platform\\core\\src\\ParameterValidator\\Validator\\Length.php:25)"} []
[2026-07-19T19:17:16.296829-03:00] php.INFO: User Deprecated: Since api-platform/core 3.4: The class "ApiPlatform\ParameterValidator\Validator\MultipleOf" is deprecated, use "\ApiPlatform\Metadata\Parameter::$constraints" instead. {"exception":"[object] (ErrorException(code: 0): User Deprecated: Since api-platform/core 3.4: The class \"ApiPlatform\\ParameterValidator\\Validator\\MultipleOf\" is deprecated, use \"\\ApiPlatform\\Metadata\\Parameter::$constraints\" instead. at C:\\xampp-8-2\\htdocs\\more-home\\vendor\\api-platform\\core\\src\\ParameterValidator\\Validator\\MultipleOf.php:25)"} []
[2026-07-19T19:17:16.297239-03:00] php.INFO: User Deprecated: Since api-platform/core 3.4: The class "ApiPlatform\ParameterValidator\Validator\Pattern" is deprecated, use "\ApiPlatform\Metadata\Parameter::$constraints" instead. {"exception":"[object] (ErrorException(code: 0): User Deprecated: Since api-platform/core 3.4: The class \"ApiPlatform\\ParameterValidator\\Validator\\Pattern\" is deprecated, use \"\\ApiPlatform\\Metadata\\Parameter::$constraints\" instead. at C:\\xampp-8-2\\htdocs\\more-home\\vendor\\api-platform\\core\\src\\ParameterValidator\\Validator\\Pattern.php:25)"} []
[2026-07-19T19:17:16.297732-03:00] php.INFO: User Deprecated: Since api-platform/core 3.4: The class "ApiPlatform\ParameterValidator\Validator\Required" is deprecated, use "\ApiPlatform\Metadata\Parameter::$constraints" instead. {"exception":"[object] (ErrorException(code: 0): User Deprecated: Since api-platform/core 3.4: The class \"ApiPlatform\\ParameterValidator\\Validator\\Required\" is deprecated, use \"\\ApiPlatform\\Metadata\\Parameter::$constraints\" instead. at C:\\xampp-8-2\\htdocs\\more-home\\vendor\\api-platform\\core\\src\\ParameterValidator\\Validator\\Required.php:27)"} []
[2026-07-19T19:17:16.372295-03:00] security.DEBUG: Checking for authenticator support. {"firewall_name":"main","authenticators":2} []
[2026-07-19T19:17:16.372313-03:00] security.DEBUG: Checking support on authenticator. {"firewall_name":"main","authenticator":"Symfony\\Component\\Security\\Http\\Authenticator\\FormLoginAuthenticator"} []
[2026-07-19T19:17:16.372334-03:00] security.DEBUG: Authenticator does not support the request. {"firewall_name":"main","authenticator":"Symfony\\Component\\Security\\Http\\Authenticator\\FormLoginAuthenticator"} []
[2026-07-19T19:17:16.372338-03:00] security.DEBUG: Checking support on authenticator. {"firewall_name":"main","authenticator":"Symfony\\Component\\Security\\Http\\Authenticator\\RememberMeAuthenticator"} []
[2026-07-19T19:17:16.372350-03:00] security.DEBUG: Authenticator does not support the request. {"firewall_name":"main","authenticator":"Symfony\\Component\\Security\\Http\\Authenticator\\RememberMeAuthenticator"} []
[2026-07-19T19:17:16.415082-03:00] security.DEBUG: Access denied, the user is not fully authenticated; redirecting to authentication entry point. {"exception":"[object] (Symfony\\Component\\Security\\Core\\Exception\\AccessDeniedException(code: 403): Access Denied. at C:\\xampp-8-2\\htdocs\\more-home\\vendor\\symfony\\security-http\\Firewall\\AccessListener.php:87)"} []
[2026-07-19T19:17:16.415819-03:00] security.DEBUG: Calling Authentication entry point. {"entry_point":{"Symfony\\Component\\Security\\Http\\Authenticator\\FormLoginAuthenticator":[]}} []
[2026-07-19T19:17:20.431816-03:00] request.CRITICAL: Uncaught PHP Exception Symfony\Component\ErrorHandler\Error\FatalError: "Error: Maximum execution time of 120 seconds exceeded" at XmlUtils.php line 125 {"exception":"[object] (Symfony\\Component\\ErrorHandler\\Error\\FatalError(code: 0): Error: Maximum execution time of 120 seconds exceeded at C:\\xampp-8-2\\htdocs\\more-home\\vendor\\symfony\\config\\Util\\XmlUtils.php:125)"} []
[2026-07-19T19:17:20.470393-03:00] php.INFO: User Deprecated: Since api-platform/core 3.4: Injecting the "ApiPlatform\JsonSchema\TypeFactoryInterface" inside "ApiPlatform\JsonSchema\SchemaFactory" is deprecated and "ApiPlatform\JsonSchema\TypeFactoryInterface" will be removed in 4.x. {"exception":"[object] (ErrorException(code: 0): User Deprecated: Since api-platform/core 3.4: Injecting the \"ApiPlatform\\JsonSchema\\TypeFactoryInterface\" inside \"ApiPlatform\\JsonSchema\\SchemaFactory\" is deprecated and \"ApiPlatform\\JsonSchema\\TypeFactoryInterface\" will be removed in 4.x. at C:\\xampp-8-2\\htdocs\\more-home\\vendor\\api-platform\\core\\src\\JsonSchema\\SchemaFactory.php:45)"} []
[2026-07-19T19:17:22.344699-03:00] php.INFO: User Deprecated: Since twig/twig 3.15: Using the "deprecated", "deprecating_package", and "alternative" options is deprecated, pass a "deprecation_info" one instead. {"exception":"[object] (ErrorException(code: 0): User Deprecated: Since twig/twig 3.15: Using the \"deprecated\", \"deprecating_package\", and \"alternative\" options is deprecated, pass a \"deprecation_info\" one instead. at C:\\xampp-8-2\\htdocs\\more-home\\vendor\\twig\\twig\\src\\AbstractTwigCallable.php:52)"} []
[2026-07-19T19:17:22.344964-03:00] php.INFO: User Deprecated: Since twig/twig 3.15: Using the "deprecated", "deprecating_package", and "alternative" options is deprecated, pass a "deprecation_info" one instead. {"exception":"[object] (ErrorException(code: 0): User Deprecated: Since twig/twig 3.15: Using the \"deprecated\", \"deprecating_package\", and \"alternative\" options is deprecated, pass a \"deprecation_info\" one instead. at C:\\xampp-8-2\\htdocs\\more-home\\vendor\\twig\\twig\\src\\AbstractTwigCallable.php:52)"} []
