<?php return array (
  0 => 'Symfony\\Bundle\\FrameworkBundle\\Controller\\AbstractController',
  1 => 'ApiPlatform\\Symfony\\Controller\\MainController',
  2 => 'Doctrine\\Bundle\\DoctrineBundle\\Controller\\ProfilerController',
  3 => 'Doctrine\\ORM\\Cache\\Persister\\Entity\\AbstractEntityPersister',
  4 => 'Doctrine\\ORM\\Cache\\Persister\\Entity\\CachedEntityPersister',
  5 => 'Doctrine\\ORM\\Cache\\Persister\\Entity\\NonStrictReadWriteCachedEntityPersister',
  6 => 'Doctrine\\ORM\\Cache\\Persister\\Entity\\ReadOnlyCachedEntityPersister',
  7 => 'Doctrine\\ORM\\Cache\\Persister\\Entity\\ReadWriteCachedEntityPersister',
  8 => 'Doctrine\\ORM\\Persisters\\Entity\\AbstractEntityInheritancePersister',
  9 => 'Doctrine\\ORM\\Persisters\\Entity\\BasicEntityPersister',
  10 => 'Doctrine\\ORM\\Persisters\\Entity\\CachedPersisterContext',
  11 => 'Doctrine\\ORM\\Persisters\\Entity\\EntityPersister',
  12 => 'Doctrine\\ORM\\Persisters\\Entity\\JoinedSubclassPersister',
  13 => 'Doctrine\\ORM\\Persisters\\Entity\\SingleTablePersister',
  14 => 'FOS\\JsRoutingBundle\\Controller\\Controller',
  15 => 'PrestaShopBundle\\Controller\\Admin\\CommonController',
  16 => 'PrestaShopBundle\\Controller\\Admin\\Configure\\AdvancedParameters\\AdminAPIController',
  17 => 'PrestaShopBundle\\Controller\\Admin\\Configure\\AdvancedParameters\\AdministrationController',
  18 => 'PrestaShopBundle\\Controller\\Admin\\Configure\\AdvancedParameters\\BackupController',
  19 => 'PrestaShopBundle\\Controller\\Admin\\Configure\\AdvancedParameters\\EmailController',
  20 => 'PrestaShopBundle\\Controller\\Admin\\Configure\\AdvancedParameters\\EmployeeController',
  21 => 'PrestaShopBundle\\Controller\\Admin\\Configure\\AdvancedParameters\\FeatureFlagController',
  22 => 'PrestaShopBundle\\Controller\\Admin\\Configure\\AdvancedParameters\\ImportController',
  23 => 'PrestaShopBundle\\Controller\\Admin\\Configure\\AdvancedParameters\\ImportDataConfigurationController',
  24 => 'PrestaShopBundle\\Controller\\Admin\\Configure\\AdvancedParameters\\LogsController',
  25 => 'PrestaShopBundle\\Controller\\Admin\\Configure\\AdvancedParameters\\MemcacheServerController',
  26 => 'PrestaShopBundle\\Controller\\Admin\\Configure\\AdvancedParameters\\PerformanceController',
  27 => 'PrestaShopBundle\\Controller\\Admin\\Configure\\AdvancedParameters\\PermissionController',
  28 => 'PrestaShopBundle\\Controller\\Admin\\Configure\\AdvancedParameters\\ProfileController',
  29 => 'PrestaShopBundle\\Controller\\Admin\\Configure\\AdvancedParameters\\SecurityController',
  30 => 'PrestaShopBundle\\Controller\\Admin\\Configure\\AdvancedParameters\\ShopController',
  31 => 'PrestaShopBundle\\Controller\\Admin\\Configure\\AdvancedParameters\\SqlManagerController',
  32 => 'PrestaShopBundle\\Controller\\Admin\\Configure\\AdvancedParameters\\SystemInformationController',
  33 => 'PrestaShopBundle\\Controller\\Admin\\Configure\\AdvancedParameters\\WebserviceController',
  34 => 'PrestaShopBundle\\Controller\\Admin\\Configure\\ShopParameters\\ContactsController',
  35 => 'PrestaShopBundle\\Controller\\Admin\\Configure\\ShopParameters\\CustomerGroupsController',
  36 => 'PrestaShopBundle\\Controller\\Admin\\Configure\\ShopParameters\\CustomerPreferencesController',
  37 => 'PrestaShopBundle\\Controller\\Admin\\Configure\\ShopParameters\\MaintenanceController',
  38 => 'PrestaShopBundle\\Controller\\Admin\\Configure\\ShopParameters\\MetaController',
  39 => 'PrestaShopBundle\\Controller\\Admin\\Configure\\ShopParameters\\OrderPreferencesController',
  40 => 'PrestaShopBundle\\Controller\\Admin\\Configure\\ShopParameters\\OrderStateController',
  41 => 'PrestaShopBundle\\Controller\\Admin\\Configure\\ShopParameters\\PreferencesController',
  42 => 'PrestaShopBundle\\Controller\\Admin\\Configure\\ShopParameters\\ProductPreferencesController',
  43 => 'PrestaShopBundle\\Controller\\Admin\\Configure\\ShopParameters\\SearchAliasController',
  44 => 'PrestaShopBundle\\Controller\\Admin\\Configure\\ShopParameters\\SearchEnginesController',
  45 => 'PrestaShopBundle\\Controller\\Admin\\Configure\\ShopParameters\\StoreController',
  46 => 'PrestaShopBundle\\Controller\\Admin\\Configure\\ShopParameters\\TagController',
  47 => 'PrestaShopBundle\\Controller\\Admin\\Configure\\ShopParameters\\TitleController',
  48 => 'PrestaShopBundle\\Controller\\Admin\\Configure\\ShowcaseCardController',
  49 => 'PrestaShopBundle\\Controller\\Admin\\ErrorController',
  50 => 'PrestaShopBundle\\Controller\\Admin\\FrameworkBundleAdminController',
  51 => 'PrestaShopBundle\\Controller\\Admin\\Improve\\Design\\CmsPageController',
  52 => 'PrestaShopBundle\\Controller\\Admin\\Improve\\Design\\ImageSettingsController',
  53 => 'PrestaShopBundle\\Controller\\Admin\\Improve\\Design\\MailThemeController',
  54 => 'PrestaShopBundle\\Controller\\Admin\\Improve\\Design\\PositionsController',
  55 => 'PrestaShopBundle\\Controller\\Admin\\Improve\\Design\\ThemeController',
  56 => 'PrestaShopBundle\\Controller\\Admin\\Improve\\International\\CountryController',
  57 => 'PrestaShopBundle\\Controller\\Admin\\Improve\\International\\CurrencyController',
  58 => 'PrestaShopBundle\\Controller\\Admin\\Improve\\International\\GeolocationController',
  59 => 'PrestaShopBundle\\Controller\\Admin\\Improve\\International\\LanguageController',
  60 => 'PrestaShopBundle\\Controller\\Admin\\Improve\\International\\LocalizationController',
  61 => 'PrestaShopBundle\\Controller\\Admin\\Improve\\International\\StateController',
  62 => 'PrestaShopBundle\\Controller\\Admin\\Improve\\International\\TaxController',
  63 => 'PrestaShopBundle\\Controller\\Admin\\Improve\\International\\TaxRulesGroupController',
  64 => 'PrestaShopBundle\\Controller\\Admin\\Improve\\International\\TranslationsController',
  65 => 'PrestaShopBundle\\Controller\\Admin\\Improve\\International\\ZoneController',
  66 => 'PrestaShopBundle\\Controller\\Admin\\Improve\\ModuleController',
  67 => 'PrestaShopBundle\\Controller\\Admin\\Improve\\Modules\\AlertsController',
  68 => 'PrestaShopBundle\\Controller\\Admin\\Improve\\Modules\\ModuleAbstractController',
  69 => 'PrestaShopBundle\\Controller\\Admin\\Improve\\Modules\\UpdatesController',
  70 => 'PrestaShopBundle\\Controller\\Admin\\Improve\\Payment\\PaymentMethodsController',
  71 => 'PrestaShopBundle\\Controller\\Admin\\Improve\\Payment\\PaymentPreferencesController',
  72 => 'PrestaShopBundle\\Controller\\Admin\\Improve\\Shipping\\CarrierController',
  73 => 'PrestaShopBundle\\Controller\\Admin\\Improve\\Shipping\\PreferencesController',
  74 => 'PrestaShopBundle\\Controller\\Admin\\LegacyController',
  75 => 'PrestaShopBundle\\Controller\\Admin\\LoginController',
  76 => 'PrestaShopBundle\\Controller\\Admin\\PrestaShopAdminController',
  77 => 'PrestaShopBundle\\Controller\\Admin\\SecuredFileReaderController',
  78 => 'PrestaShopBundle\\Controller\\Admin\\SecurityController',
  79 => 'PrestaShopBundle\\Controller\\Admin\\Sell\\Address\\AddressController',
  80 => 'PrestaShopBundle\\Controller\\Admin\\Sell\\Catalog\\AttachmentController',
  81 => 'PrestaShopBundle\\Controller\\Admin\\Sell\\Catalog\\AttributeController',
  82 => 'PrestaShopBundle\\Controller\\Admin\\Sell\\Catalog\\AttributeGroupController',
  83 => 'PrestaShopBundle\\Controller\\Admin\\Sell\\Catalog\\CartRuleController',
  84 => 'PrestaShopBundle\\Controller\\Admin\\Sell\\Catalog\\CatalogPriceRuleController',
  85 => 'PrestaShopBundle\\Controller\\Admin\\Sell\\Catalog\\CategoryController',
  86 => 'PrestaShopBundle\\Controller\\Admin\\Sell\\Catalog\\DiscountController',
  87 => 'PrestaShopBundle\\Controller\\Admin\\Sell\\Catalog\\FeatureController',
  88 => 'PrestaShopBundle\\Controller\\Admin\\Sell\\Catalog\\FeatureValueController',
  89 => 'PrestaShopBundle\\Controller\\Admin\\Sell\\Catalog\\ManufacturerController',
  90 => 'PrestaShopBundle\\Controller\\Admin\\Sell\\Catalog\\MonitoringController',
  91 => 'PrestaShopBundle\\Controller\\Admin\\Sell\\Catalog\\Product\\CombinationController',
  92 => 'PrestaShopBundle\\Controller\\Admin\\Sell\\Catalog\\Product\\ImageController',
  93 => 'PrestaShopBundle\\Controller\\Admin\\Sell\\Catalog\\Product\\ProductController',
  94 => 'PrestaShopBundle\\Controller\\Admin\\Sell\\Catalog\\Product\\SpecificPriceController',
  95 => 'PrestaShopBundle\\Controller\\Admin\\Sell\\Catalog\\StockController',
  96 => 'PrestaShopBundle\\Controller\\Admin\\Sell\\Catalog\\SupplierController',
  97 => 'PrestaShopBundle\\Controller\\Admin\\Sell\\CustomerService\\CustomerThreadController',
  98 => 'PrestaShopBundle\\Controller\\Admin\\Sell\\CustomerService\\MerchandiseReturnController',
  99 => 'PrestaShopBundle\\Controller\\Admin\\Sell\\CustomerService\\OrderMessageController',
  100 => 'PrestaShopBundle\\Controller\\Admin\\Sell\\Customer\\CustomerController',
  101 => 'PrestaShopBundle\\Controller\\Admin\\Sell\\Customer\\OutstandingController',
  102 => 'PrestaShopBundle\\Controller\\Admin\\Sell\\Order\\CartController',
  103 => 'PrestaShopBundle\\Controller\\Admin\\Sell\\Order\\CreditSlipController',
  104 => 'PrestaShopBundle\\Controller\\Admin\\Sell\\Order\\DeliveryController',
  105 => 'PrestaShopBundle\\Controller\\Admin\\Sell\\Order\\InvoicesController',
  106 => 'PrestaShopBundle\\Controller\\Admin\\Sell\\Order\\OrderController',
  107 => 'PrestaShopBundle\\Controller\\Api\\ApiController',
  108 => 'PrestaShopBundle\\Controller\\Api\\AttributeController',
  109 => 'PrestaShopBundle\\Controller\\Api\\CategoryController',
  110 => 'PrestaShopBundle\\Controller\\Api\\FeatureController',
  111 => 'PrestaShopBundle\\Controller\\Api\\I18nController',
  112 => 'PrestaShopBundle\\Controller\\Api\\Improve\\Design\\PositionsController',
  113 => 'PrestaShopBundle\\Controller\\Api\\ManufacturerController',
  114 => 'PrestaShopBundle\\Controller\\Api\\OAuth2\\AccessTokenController',
  115 => 'PrestaShopBundle\\Controller\\Api\\StockController',
  116 => 'PrestaShopBundle\\Controller\\Api\\StockMovementController',
  117 => 'PrestaShopBundle\\Controller\\Api\\SupplierController',
  118 => 'PrestaShopBundle\\Controller\\Api\\TranslationController',
  119 => 'PrestaShopBundle\\Controller\\ArgumentResolver\\FiltersBuilderResolver',
  120 => 'PrestaShopBundle\\Controller\\Attribute\\AllShopContext',
  121 => 'PrestaShopBundle\\Controller\\BulkActionsTrait',
  122 => 'PrestaShopBundle\\Controller\\Exception\\FieldNotFoundException',
  123 => 'PrestaShopBundle\\Entity\\AdminFilter',
  124 => 'PrestaShopBundle\\Entity\\ApiClient',
  125 => 'PrestaShopBundle\\Entity\\Attribute',
  126 => 'PrestaShopBundle\\Entity\\AttributeGroup',
  127 => 'PrestaShopBundle\\Entity\\AttributeGroupLang',
  128 => 'PrestaShopBundle\\Entity\\AttributeLang',
  129 => 'PrestaShopBundle\\Entity\\Employee\\AuthorizationRole',
  130 => 'PrestaShopBundle\\Entity\\Employee\\Employee',
  131 => 'PrestaShopBundle\\Entity\\Employee\\EmployeeSession',
  132 => 'PrestaShopBundle\\Entity\\Employee\\Profile',
  133 => 'PrestaShopBundle\\Entity\\FeatureFlag',
  134 => 'PrestaShopBundle\\Entity\\ImageType',
  135 => 'PrestaShopBundle\\Entity\\Lang',
  136 => 'PrestaShopBundle\\Entity\\ModuleHistory',
  137 => 'PrestaShopBundle\\Entity\\Mutation',
  138 => 'PrestaShopBundle\\Entity\\MutationAction',
  139 => 'PrestaShopBundle\\Entity\\MutatorType',
  140 => 'PrestaShopBundle\\Entity\\ProductDownload',
  141 => 'PrestaShopBundle\\Entity\\ProductIdentity',
  142 => 'PrestaShopBundle\\Entity\\Repository\\AdminFilterRepository',
  143 => 'PrestaShopBundle\\Entity\\Repository\\ApiClientRepository',
  144 => 'PrestaShopBundle\\Entity\\Repository\\AttributeGroupLangRepository',
  145 => 'PrestaShopBundle\\Entity\\Repository\\AttributeGroupRepository',
  146 => 'PrestaShopBundle\\Entity\\Repository\\AttributeLangRepository',
  147 => 'PrestaShopBundle\\Entity\\Repository\\AttributeRepository',
  148 => 'PrestaShopBundle\\Entity\\Repository\\CategoryRepository',
  149 => 'PrestaShopBundle\\Entity\\Repository\\EmployeeRepository',
  150 => 'PrestaShopBundle\\Entity\\Repository\\FeatureAttributeRepository',
  151 => 'PrestaShopBundle\\Entity\\Repository\\FeatureFlagRepository',
  152 => 'PrestaShopBundle\\Entity\\Repository\\ImageTypeRepository',
  153 => 'PrestaShopBundle\\Entity\\Repository\\ImportMatchRepository',
  154 => 'PrestaShopBundle\\Entity\\Repository\\LangRepository',
  155 => 'PrestaShopBundle\\Entity\\Repository\\LogRepository',
  156 => 'PrestaShopBundle\\Entity\\Repository\\ManufacturerRepository',
  157 => 'PrestaShopBundle\\Entity\\Repository\\ModuleRepository',
  158 => 'PrestaShopBundle\\Entity\\Repository\\MutationRepository',
  159 => 'PrestaShopBundle\\Entity\\Repository\\NormalizeFieldTrait',
  160 => 'PrestaShopBundle\\Entity\\Repository\\OrderInvoiceRepository',
  161 => 'PrestaShopBundle\\Entity\\Repository\\RequestSqlRepository',
  162 => 'PrestaShopBundle\\Entity\\Repository\\ShipmentRepository',
  163 => 'PrestaShopBundle\\Entity\\Repository\\ShopGroupRepository',
  164 => 'PrestaShopBundle\\Entity\\Repository\\ShopRepository',
  165 => 'PrestaShopBundle\\Entity\\Repository\\StockManagementRepository',
  166 => 'PrestaShopBundle\\Entity\\Repository\\StockMovementRepository',
  167 => 'PrestaShopBundle\\Entity\\Repository\\StockRepository',
  168 => 'PrestaShopBundle\\Entity\\Repository\\SupplierRepository',
  169 => 'PrestaShopBundle\\Entity\\Repository\\TabLangRepository',
  170 => 'PrestaShopBundle\\Entity\\Repository\\TabRepository',
  171 => 'PrestaShopBundle\\Entity\\Repository\\TimezoneRepository',
  172 => 'PrestaShopBundle\\Entity\\Repository\\TranslationRepository',
  173 => 'PrestaShopBundle\\Entity\\Shipment',
  174 => 'PrestaShopBundle\\Entity\\ShipmentProduct',
  175 => 'PrestaShopBundle\\Entity\\Shop',
  176 => 'PrestaShopBundle\\Entity\\ShopGroup',
  177 => 'PrestaShopBundle\\Entity\\ShopUrl',
  178 => 'PrestaShopBundle\\Entity\\StockMvt',
  179 => 'PrestaShopBundle\\Entity\\Tab',
  180 => 'PrestaShopBundle\\Entity\\TabLang',
  181 => 'PrestaShopBundle\\Entity\\Translation',
  182 => 'PrestaShopBundle\\Security\\OAuth2\\Entity\\AccessToken',
  183 => 'PrestaShopBundle\\Security\\OAuth2\\Entity\\Client',
  184 => 'PrestaShopBundle\\Security\\OAuth2\\Entity\\ScopeEntity',
  185 => 'PrestaShop\\Module\\BlockWishList\\Controller\\WishlistConfigurationAdminController',
  186 => 'PrestaShop\\Module\\DistributionApiClient\\Controller\\Admin\\TopContributorsController',
  187 => 'PrestaShop\\Module\\LinkList\\Controller\\Admin\\Improve\\Design\\LinkBlockController',
  188 => 'PrestaShop\\Module\\ProductComment\\Entity\\ProductComment',
  189 => 'PrestaShop\\Module\\ProductComment\\Entity\\ProductCommentCriterion',
  190 => 'PrestaShop\\Module\\ProductComment\\Entity\\ProductCommentCriterionLang',
  191 => 'PrestaShop\\Module\\ProductComment\\Entity\\ProductCommentGrade',
  192 => 'PrestaShop\\Module\\ProductComment\\Entity\\ProductCommentReport',
  193 => 'PrestaShop\\Module\\ProductComment\\Entity\\ProductCommentUsefulness',
  194 => 'PrestaShop\\PrestaShop\\Core\\Import\\Entity\\ImportEntityDeleterInterface',
  196 => 'Symfony\\Bundle\\FrameworkBundle\\Controller\\ControllerResolver',
  197 => 'Symfony\\Bundle\\FrameworkBundle\\Controller\\RedirectController',
  198 => 'Symfony\\Bundle\\FrameworkBundle\\Controller\\TemplateController',
  199 => 'Symfony\\Bundle\\WebProfilerBundle\\Controller\\ExceptionPanelController',
  200 => 'Symfony\\Bundle\\WebProfilerBundle\\Controller\\ProfilerController',
  201 => 'Symfony\\Bundle\\WebProfilerBundle\\Controller\\RouterController',
  202 => 'Symfony\\Component\\HttpKernel\\Controller\\ArgumentResolver',
  203 => 'Symfony\\Component\\HttpKernel\\Controller\\ArgumentResolverInterface',
  204 => 'Symfony\\Component\\HttpKernel\\Controller\\ArgumentResolver\\BackedEnumValueResolver',
  205 => 'Symfony\\Component\\HttpKernel\\Controller\\ArgumentResolver\\DateTimeValueResolver',
  206 => 'Symfony\\Component\\HttpKernel\\Controller\\ArgumentResolver\\DefaultValueResolver',
  207 => 'Symfony\\Component\\HttpKernel\\Controller\\ArgumentResolver\\NotTaggedControllerValueResolver',
  208 => 'Symfony\\Component\\HttpKernel\\Controller\\ArgumentResolver\\QueryParameterValueResolver',
  209 => 'Symfony\\Component\\HttpKernel\\Controller\\ArgumentResolver\\RequestAttributeValueResolver',
  210 => 'Symfony\\Component\\HttpKernel\\Controller\\ArgumentResolver\\RequestPayloadValueResolver',
  211 => 'Symfony\\Component\\HttpKernel\\Controller\\ArgumentResolver\\RequestValueResolver',
  212 => 'Symfony\\Component\\HttpKernel\\Controller\\ArgumentResolver\\ServiceValueResolver',
  213 => 'Symfony\\Component\\HttpKernel\\Controller\\ArgumentResolver\\SessionValueResolver',
  214 => 'Symfony\\Component\\HttpKernel\\Controller\\ArgumentResolver\\TraceableValueResolver',
  215 => 'Symfony\\Component\\HttpKernel\\Controller\\ArgumentResolver\\UidValueResolver',
  216 => 'Symfony\\Component\\HttpKernel\\Controller\\ArgumentResolver\\VariadicValueResolver',
  217 => 'Symfony\\Component\\HttpKernel\\Controller\\ArgumentValueResolverInterface',
  218 => 'Symfony\\Component\\HttpKernel\\Controller\\ContainerControllerResolver',
  219 => 'Symfony\\Component\\HttpKernel\\Controller\\ControllerReference',
  220 => 'Symfony\\Component\\HttpKernel\\Controller\\ControllerResolver',
  221 => 'Symfony\\Component\\HttpKernel\\Controller\\ControllerResolverInterface',
  222 => 'Symfony\\Component\\HttpKernel\\Controller\\ErrorController',
  223 => 'Symfony\\Component\\HttpKernel\\Controller\\TraceableArgumentResolver',
  224 => 'Symfony\\Component\\HttpKernel\\Controller\\TraceableControllerResolver',
  225 => 'Symfony\\Component\\HttpKernel\\Controller\\ValueResolverInterface',
  226 => 'Symfony\\Component\\Security\\Http\\Controller\\SecurityTokenValueResolver',
  227 => 'Symfony\\Component\\Security\\Http\\Controller\\UserValueResolver',
  228 => 'PrestaShop\\Module\\Psshipping\\Controller\\Admin\\PsshippingCarrierController',
  229 => 'PrestaShop\\Module\\Psshipping\\Controller\\Admin\\PsshippingConfigurationController',
  230 => 'PrestaShop\\Module\\Psshipping\\Controller\\Admin\\PsshippingFaqController',
  231 => 'PrestaShop\\Module\\Psshipping\\Controller\\Admin\\PsshippingHomeController',
  232 => 'PrestaShop\\Module\\Psshipping\\Controller\\Admin\\PsshippingKeycloakAuthController',
  233 => 'PrestaShop\\Module\\Psshipping\\Controller\\Admin\\PsshippingOrdersController',
  234 => 'PrestaShop\\Module\\Psshipping\\Entity\\PsshippingAddress',
  235 => 'PrestaShop\\Module\\Psshipping\\Entity\\PsshippingAddressOrders',
  236 => 'PrestaShop\\Module\\PsAccounts\\Controller\\Admin\\OAuth2Controller',
  237 => 'PrestaShop\\Module\\PsAccounts\\Entity\\EmployeeAccount',
  238 => 'PrestaShop\\Module\\PsAccounts\\Http\\Controller\\AbstractAdminAjaxCorsController',
  239 => 'PrestaShop\\Module\\PsAccounts\\Http\\Controller\\AbstractV2RestController',
  240 => 'PrestaShop\\Module\\PsAccounts\\Http\\Controller\\AbstractV2ShopRestController',
  241 => 'PrestaShop\\Module\\PsAccounts\\Http\\Controller\\GetHeader',
  242 => 'PrestaShop\\Module\\PsAccounts\\Http\\Controller\\RestMethod',
  243 => 'PrestaShop\\Module\\PsAccounts\\Polyfill\\Traits\\Controller\\AjaxRender',
  244 => 'PrestaShop\\Module\\PsClassicEdition\\Controller\\AdminPsClassicEditionHomepageController',
  245 => 'PrestaShop\\Module\\PsClassicEdition\\Controller\\AdminPsClassicEditionPsAcademyController',
  246 => 'PrestaShop\\Module\\PsClassicEdition\\Controller\\AdminPsClassicEditionSetupGuideController',
  247 => 'PrestaShop\\Module\\Mbo\\Api\\Controller\\AbstractAdminApiController',
  248 => 'PrestaShop\\Module\\Mbo\\Controller\\Admin\\AddonsController',
  249 => 'PrestaShop\\Module\\Mbo\\Controller\\Admin\\ModuleCatalogController',
  250 => 'PrestaShop\\Module\\Mbo\\Controller\\Admin\\ModuleRecommendedController',
  251 => 'PrestaShop\\Module\\Mbo\\Controller\\Admin\\ThemeCatalogController',
);